Component: ARM Compiler 6.14 Tool: armlink [5db06800]

==============================================================================

Section Cross References

    motor_can_1.o(.text.HAL_CAN_TxCpltCallback) refers to can_1.o(.bss.hcan1) for hcan1
    motor_can_1.o(.text.HAL_CAN_TxCpltCallback) refers to motor_can_1.o(.data.can1_update) for can1_update
    motor_can_1.o(.text.HAL_CAN_TxCpltCallback) refers to motor_can_1.o(.data.can2_update) for can2_update
    motor_can_1.o(.ARM.exidx.text.HAL_CAN_TxCpltCallback) refers to motor_can_1.o(.text.HAL_CAN_TxCpltCallback) for [Anonymous Symbol]
    motor_can_1.o(.text.can1_filter_init) refers to can_1.o(.bss.hcan1) for hcan1
    motor_can_1.o(.text.can1_filter_init) refers to stm32f4xx_hal_can.o(.text.HAL_CAN_ConfigFilter) for HAL_CAN_ConfigFilter
    motor_can_1.o(.text.can1_filter_init) refers to stm32f4xx_hal_can.o(.text.HAL_CAN_Start) for HAL_CAN_Start
    motor_can_1.o(.text.can1_filter_init) refers to stm32f4xx_hal_can.o(.text.HAL_CAN_ActivateNotification) for HAL_CAN_ActivateNotification
    motor_can_1.o(.text.can1_filter_init) refers to motor_can_1.o(.bss.isRcan1Started) for isRcan1Started
    motor_can_1.o(.ARM.exidx.text.can1_filter_init) refers to motor_can_1.o(.text.can1_filter_init) for [Anonymous Symbol]
    motor_can_1.o(.text.can2_fliter_init) refers to motor_can_1.o(.bss.isRcan2Started) for isRcan2Started
    motor_can_1.o(.ARM.exidx.text.can2_fliter_init) refers to motor_can_1.o(.text.can2_fliter_init) for [Anonymous Symbol]
    motor_can_1.o(.text.Set_voltagec1) refers to stm32f4xx_hal_can.o(.text.HAL_CAN_AddTxMessage) for HAL_CAN_AddTxMessage
    motor_can_1.o(.ARM.exidx.text.Set_voltagec1) refers to motor_can_1.o(.text.Set_voltagec1) for [Anonymous Symbol]
    motor_can_1.o(.ARM.exidx.text.Set_voltagec2) refers to motor_can_1.o(.text.Set_voltagec2) for [Anonymous Symbol]
    motor_can_1.o(.text.HAL_CAN_RxFifo0MsgPendingCallback) refers to can_1.o(.bss.hcan1) for hcan1
    motor_can_1.o(.text.HAL_CAN_RxFifo0MsgPendingCallback) refers to motor_can_1.o(.bss.can1RxData) for can1RxData
    motor_can_1.o(.text.HAL_CAN_RxFifo0MsgPendingCallback) refers to stm32f4xx_hal_can.o(.text.HAL_CAN_GetRxMessage) for HAL_CAN_GetRxMessage
    motor_can_1.o(.text.HAL_CAN_RxFifo0MsgPendingCallback) refers to car_ctrl_1.o(.bss.C620) for C620
    motor_can_1.o(.text.HAL_CAN_RxFifo0MsgPendingCallback) refers to motor_can_1.o(.bss.can2RxData) for can2RxData
    motor_can_1.o(.text.HAL_CAN_RxFifo0MsgPendingCallback) refers to motor_can_1.o(.bss.C6xx) for C6xx
    motor_can_1.o(.ARM.exidx.text.HAL_CAN_RxFifo0MsgPendingCallback) refers to motor_can_1.o(.text.HAL_CAN_RxFifo0MsgPendingCallback) for [Anonymous Symbol]
    pid_1.o(.ARM.exidx.text.pid_init) refers to pid_1.o(.text.pid_init) for [Anonymous Symbol]
    pid_1.o(.ARM.exidx.text.pid_reset) refers to pid_1.o(.text.pid_reset) for [Anonymous Symbol]
    pid_1.o(.text.pid_calc) refers to pid_1.o(.text.abs_limit) for abs_limit
    pid_1.o(.text.pid_calc) refers to f2d.o(x$fpl$f2d) for __aeabi_f2d
    pid_1.o(.text.pid_calc) refers to dcmp.o(x$fpl$fcmp) for __aeabi_dcmpge
    pid_1.o(.ARM.exidx.text.pid_calc) refers to pid_1.o(.text.pid_calc) for [Anonymous Symbol]
    pid_1.o(.ARM.exidx.text.abs_limit) refers to pid_1.o(.text.abs_limit) for [Anonymous Symbol]
    pid_1.o(.text.PID_Struct_Init) refers to pid_1.o(.text.pid_init) for pid_init
    pid_1.o(.text.PID_Struct_Init) refers to pid_1.o(.text.pid_reset) for pid_reset
    pid_1.o(.ARM.exidx.text.PID_Struct_Init) refers to pid_1.o(.text.PID_Struct_Init) for [Anonymous Symbol]
    pid_1.o(.ARM.exidx.text.PID_PROCESS_Double) refers to pid_1.o(.text.PID_PROCESS_Double) for [Anonymous Symbol]
    pid_tim_1.o(.text.PID_TIM_Init) refers to pid_tim_1.o(.bss.htim_pid) for htim_pid
    pid_tim_1.o(.text.PID_TIM_Init) refers to stm32f4xx_hal_tim.o(.text.HAL_TIM_Base_Init) for HAL_TIM_Base_Init
    pid_tim_1.o(.text.PID_TIM_Init) refers to main_1.o(.text.Error_Handler) for Error_Handler
    pid_tim_1.o(.text.PID_TIM_Init) refers to stm32f4xx_hal_cortex.o(.text.HAL_NVIC_SetPriority) for HAL_NVIC_SetPriority
    pid_tim_1.o(.text.PID_TIM_Init) refers to stm32f4xx_hal_cortex.o(.text.HAL_NVIC_EnableIRQ) for HAL_NVIC_EnableIRQ
    pid_tim_1.o(.text.PID_TIM_Init) refers to stm32f4xx_hal_tim.o(.text.HAL_TIM_Base_Start) for HAL_TIM_Base_Start
    pid_tim_1.o(.ARM.exidx.text.PID_TIM_Init) refers to pid_tim_1.o(.text.PID_TIM_Init) for [Anonymous Symbol]
    pid_tim_1.o(.text.HAL_TIM_PeriodElapsedCallback) refers to car_ctrl_1.o(.bss.C620) for C620
    pid_tim_1.o(.text.HAL_TIM_PeriodElapsedCallback) refers to pid_1.o(.text.pid_calc) for pid_calc
    pid_tim_1.o(.text.HAL_TIM_PeriodElapsedCallback) refers to pid_tim_1.o(.bss.HAL_TIM_PeriodElapsedCallback.voltages) for HAL_TIM_PeriodElapsedCallback.voltages
    pid_tim_1.o(.text.HAL_TIM_PeriodElapsedCallback) refers to can_1.o(.bss.hcan1) for hcan1
[...]
    .ARM.Collect$$libshutdown$$00000010      0x08000232   Section        2  libshutdown2.o(.ARM.Collect$$libshutdown$$00000010)
    .ARM.Collect$$rtentry$$00000000          0x08000234   Section        0  __rtentry.o(.ARM.Collect$$rtentry$$00000000)
    .ARM.Collect$$rtentry$$00000002          0x08000234   Section        0  __rtentry2.o(.ARM.Collect$$rtentry$$00000002)
    .ARM.Collect$$rtentry$$00000004          0x08000234   Section        6  __rtentry4.o(.ARM.Collect$$rtentry$$00000004)
    .ARM.Collect$$rtentry$$00000009          0x0800023a   Section        0  __rtentry2.o(.ARM.Collect$$rtentry$$00000009)
    .ARM.Collect$$rtentry$$0000000A          0x0800023a   Section        4  __rtentry2.o(.ARM.Collect$$rtentry$$0000000A)
    .ARM.Collect$$rtentry$$0000000C          0x0800023e   Section        0  __rtentry2.o(.ARM.Collect$$rtentry$$0000000C)
    .ARM.Collect$$rtentry$$0000000D          0x0800023e   Section        8  __rtentry2.o(.ARM.Collect$$rtentry$$0000000D)
    .ARM.Collect$$rtexit$$00000000           0x08000246   Section        2  rtexit.o(.ARM.Collect$$rtexit$$00000000)
    .ARM.Collect$$rtexit$$00000002           0x08000248   Section        0  rtexit2.o(.ARM.Collect$$rtexit$$00000002)
    .ARM.Collect$$rtexit$$00000003           0x08000248   Section        4  rtexit2.o(.ARM.Collect$$rtexit$$00000003)
    .ARM.Collect$$rtexit$$00000004           0x0800024c   Section        6  rtexit2.o(.ARM.Collect$$rtexit$$00000004)
    .emb_text                                0x08000254   Section        4  argv_veneer.o(.emb_text)
    $v0                                      0x08000258   Number         0  startup_stm32f427xx.o(.text)
    .text                                    0x08000258   Section       64  startup_stm32f427xx.o(.text)
    .text                                    0x08000298   Section      240  lludivv7m.o(.text)
    .text                                    0x08000388   Section       78  rt_memclr_w.o(.text)
    .text                                    0x080003d6   Section        0  heapauxi.o(.text)
    .text                                    0x080003dc   Section       74  sys_stackheap_outer.o(.text)
    .text                                    0x08000426   Section        0  exit.o(.text)
    .text                                    0x08000438   Section        8  libspace.o(.text)
    .text                                    0x08000440   Section        0  defsig_exit.o(.text)
    .text                                    0x0800044c   Section        0  sys_exit.o(.text)
    .text                                    0x08000458   Section        0  defsig_general.o(.text)
    .text                                    0x0800048a   Section        0  sys_wrch.o(.text)
    .text                                    0x08000498   Section        2  use_no_semi.o(.text)
    .text                                    0x0800049a   Section        0  indicate_semi.o(.text)
    .text                                    0x0800049a   Section        0  _get_argv_nomalloc.o(.text)
    .text                                    0x080005c8   Section        0  sys_command.o(.text)
    .text                                    0x080005e0   Section        0  hrguard.o(.text)
    .text                                    0x080005e4   Section        0  defsig_rtmem_inner.o(.text)
    .text                                    0x08000634   Section        0  defsig_rtmem_outer.o(.text)
    [Anonymous Symbol]                       0x08000644   Section        0  initialize_1.o(.text.All_Init)
    [Anonymous Symbol]                       0x080006e0   Section        0  stm32f4xx_it_1.o(.text.BusFault_Handler)
    [Anonymous Symbol]                       0x080006e4   Section        0  stm32f4xx_it_1.o(.text.CAN1_RX0_IRQHandler)
    [Anonymous Symbol]                       0x080006f4   Section        0  stm32f4xx_it_1.o(.text.CAN2_RX0_IRQHandler)
    [Anonymous Symbol]                       0x08000704   Section        0  stm32f4xx_it_1.o(.text.DebugMon_Handler)
    [Anonymous Symbol]                       0x08000708   Section        0  stm32f4xx_it_1.o(.text.EXTI1_IRQHandler)
    [Anonymous Symbol]                       0x08000714   Section        0  main_1.o(.text.Error_Handler)
    [Anonymous Symbol]                       0x0800071c   Section        0  stm32f4xx_hal_can.o(.text.HAL_CAN_ActivateNotification)
    [Anonymous Symbol]                       0x08000770   Section        0  stm32f4xx_hal_can.o(.text.HAL_CAN_AddTxMessage)
    [Anonymous Symbol]                       0x080008cc   Section        0  stm32f4xx_hal_can.o(.text.HAL_CAN_ConfigFilter)
    [Anonymous Symbol]                       0x08000a7c   Section        0  stm32f4xx_hal_can.o(.text.HAL_CAN_ErrorCallback)
    [Anonymous Symbol]                       0x08000a84   Section        0  stm32f4xx_hal_can.o(.text.HAL_CAN_GetRxMessage)
    [Anonymous Symbol]                       0x08000ca0   Section        0  stm32f4xx_hal_can.o(.text.HAL_CAN_IRQHandler)
    [Anonymous Symbol]                       0x080010a4   Section        0  stm32f4xx_hal_can.o(.text.HAL_CAN_Init)
    [Anonymous Symbol]                       0x08001288   Section        0  can_1.o(.text.HAL_CAN_MspInit)
    [Anonymous Symbol]                       0x08001444   Section        0  stm32f4xx_hal_can.o(.text.HAL_CAN_RxFifo0FullCallback)
    [Anonymous Symbol]                       0x0800144c   Section        0  motor_can_1.o(.text.HAL_CAN_RxFifo0MsgPendingCallback)
    [Anonymous Symbol]                       0x080015dc   Section        0  stm32f4xx_hal_can.o(.text.HAL_CAN_RxFifo1FullCallback)
    [Anonymous Symbol]                       0x080015e4   Section        0  stm32f4xx_hal_can.o(.text.HAL_CAN_RxFifo1MsgPendingCallback)
    [Anonymous Symbol]                       0x080015ec   Section        0  stm32f4xx_hal_can.o(.text.HAL_CAN_SleepCallback)
    [Anonymous Symbol]                       0x080015f4   Section        0  stm32f4xx_hal_can.o(.text.HAL_CAN_Start)
    [Anonymous Symbol]                       0x08001680   Section        0  stm32f4xx_hal_can.o(.text.HAL_CAN_Stop)
    [Anonymous Symbol]                       0x08001714   Section        0  stm32f4xx_hal_can.o(.text.HAL_CAN_TxMailbox0AbortCallback)
    [Anonymous Symbol]                       0x0800171c   Section        0  stm32f4xx_hal_can.o(.text.HAL_CAN_TxMailbox0CompleteCallback)
    [Anonymous Symbol]                       0x08001724   Section        0  stm32f4xx_hal_can.o(.text.HAL_CAN_TxMailbox1AbortCallback)
    [Anonymous Symbol]                       0x0800172c   Section        0  stm32f4xx_hal_can.o(.text.HAL_CAN_TxMailbox1CompleteCallback)
    [Anonymous Symbol]                       0x08001734   Section        0  stm32f4xx_hal_can.o(.text.HAL_CAN_TxMailbox2AbortCallback)
    [Anonymous Symbol]                       0x0800173c   Section        0  stm32f4xx_hal_can.o(.text.HAL_CAN_TxMailbox2CompleteCallback)
    [Anonymous Symbol]                       0x08001744   Section        0  stm32f4xx_hal_can.o(.text.HAL_CAN_WakeUpFromRxMsgCallback)
    [Anonymous Symbol]                       0x0800174c   Section        0  stm32f4xx_hal.o(.text.HAL_Delay)
    [Anonymous Symbol]                       0x08001790   Section        0  stm32f4xx_hal_gpio.o(.text.HAL_GPIO_EXTI_Callback)
    [Anonymous Symbol]                       0x0800179c   Section        0  stm32f4xx_hal_gpio.o(.text.HAL_GPIO_EXTI_IRQHandler)
    [Anonymous Symbol]                       0x080017d8   Section        0  stm32f4xx_hal_gpio.o(.text.HAL_GPIO_Init)
    [Anonymous Symbol]                       0x08001bd4   Section        0  stm32f4xx_hal.o(.text.HAL_GetTick)
    [Anonymous Symbol]                       0x08001be0   Section        0  stm32f4xx_hal_i2c_ex.o(.text.HAL_I2CEx_ConfigAnalogFilter)
    [Anonymous Symbol]                       0x08001c4c   Section        0  stm32f4xx_hal_i2c_ex.o(.text.HAL_I2CEx_ConfigDigitalFilter)
    [Anonymous Symbol]                       0x08001cd0   Section        0  stm32f4xx_hal_i2c.o(.text.HAL_I2C_Init)
    [Anonymous Symbol]                       0x08001f8c   Section        0  i2c_1.o(.text.HAL_I2C_MspInit)
    [Anonymous Symbol]                       0x08002020   Section        0  stm32f4xx_hal.o(.text.HAL_IncTick)
    [Anonymous Symbol]                       0x0800203c   Section        0  stm32f4xx_hal.o(.text.HAL_Init)
    [Anonymous Symbol]                       0x08002078   Section        0  stm32f4xx_hal.o(.text.HAL_InitTick)
    [Anonymous Symbol]                       0x080020ec   Section        0  stm32f4xx_hal_msp_1.o(.text.HAL_MspInit)
    [Anonymous Symbol]                       0x08002138   Section        0  stm32f4xx_hal_cortex.o(.text.HAL_NVIC_EnableIRQ)
    [Anonymous Symbol]                       0x08002150   Section        0  stm32f4xx_hal_cortex.o(.text.HAL_NVIC_SetPriority)
    [Anonymous Symbol]                       0x08002190   Section        0  stm32f4xx_hal_cortex.o(.text.HAL_NVIC_SetPriorityGrouping)
    [Anonymous Symbol]                       0x080021a0   Section        0  stm32f4xx_hal_rcc.o(.text.HAL_RCC_CSSCallback)
    [Anonymous Symbol]                       0x080021a4   Section        0  stm32f4xx_hal_rcc.o(.text.HAL_RCC_ClockConfig)
    [Anonymous Symbol]                       0x08002408   Section        0  stm32f4xx_hal_rcc.o(.text.HAL_RCC_EnableCSS)
    [Anonymous Symbol]                       0x08002414   Section        0  stm32f4xx_hal_rcc.o(.text.HAL_RCC_GetHCLKFreq)
    [Anonymous Symbol]                       0x08002420   Section        0  stm32f4xx_hal_rcc.o(.text.HAL_RCC_GetPCLK1Freq)
    [Anonymous Symbol]                       0x08002444   Section        0  stm32f4xx_hal_rcc.o(.text.HAL_RCC_GetPCLK2Freq)
    [Anonymous Symbol]                       0x08002468   Section        0  stm32f4xx_hal_rcc.o(.text.HAL_RCC_GetSysClockFreq)
    [Anonymous Symbol]                       0x08002550   Section        0  stm32f4xx_hal_rcc.o(.text.HAL_RCC_NMI_IRQHandler)
    [Anonymous Symbol]                       0x08002578   Section        0  stm32f4xx_hal_rcc.o(.text.HAL_RCC_OscConfig)
    [Anonymous Symbol]                       0x08002c44   Section        0  stm32f4xx_hal_cortex.o(.text.HAL_SYSTICK_Config)
    [Anonymous Symbol]                       0x08002c54   Section        0  stm32f4xx_hal_tim_ex.o(.text.HAL_TIMEx_BreakCallback)
    [Anonymous Symbol]                       0x08002c5c   Section        0  stm32f4xx_hal_tim_ex.o(.text.HAL_TIMEx_CommutCallback)
    [Anonymous Symbol]                       0x08002c64   Section        0  stm32f4xx_hal_tim_ex.o(.text.HAL_TIMEx_MasterConfigSynchronization)
    [Anonymous Symbol]                       0x08002d88   Section        0  stm32f4xx_hal_tim.o(.text.HAL_TIM_Base_Init)
    [Anonymous Symbol]                       0x08002e30   Section        0  tim_1.o(.text.HAL_TIM_Base_MspInit)
    [Anonymous Symbol]                       0x08002ed0   Section        0  stm32f4xx_hal_tim.o(.text.HAL_TIM_Base_Start)
    [Anonymous Symbol]                       0x08002fbc   Section        0  stm32f4xx_hal_tim.o(.text.HAL_TIM_Base_Start_IT)
    [Anonymous Symbol]                       0x080030b4   Section        0  stm32f4xx_hal_tim.o(.text.HAL_TIM_ConfigClockSource)
    [Anonymous Symbol]                       0x08003258   Section        0  stm32f4xx_hal_tim.o(.text.HAL_TIM_IC_CaptureCallback)
    [Anonymous Symbol]                       0x08003260   Section        0  stm32f4xx_hal_tim.o(.text.HAL_TIM_IRQHandler)
    [Anonymous Symbol]                       0x08003484   Section        0  stm32f4xx_hal_tim.o(.text.HAL_TIM_OC_DelayElapsedCallback)
    [Anonymous Symbol]                       0x0800348c   Section        0  stm32f4xx_hal_tim.o(.text.HAL_TIM_PWM_PulseFinishedCallback)
    [Anonymous Symbol]                       0x08003494   Section        0  pid_tim_1.o(.text.HAL_TIM_PeriodElapsedCallback)
    [Anonymous Symbol]                       0x08003520   Section        0  stm32f4xx_hal_tim.o(.text.HAL_TIM_TriggerCallback)
    [Anonymous Symbol]                       0x08003528   Section        0  stm32f4xx_hal_uart.o(.text.HAL_UART_Init)
    [Anonymous Symbol]                       0x080035cc   Section        0  usart_1.o(.text.HAL_UART_MspInit)
    [Anonymous Symbol]                       0x0800365c   Section        0  stm32f4xx_it_1.o(.text.HardFault_Handler)
    [Anonymous Symbol]                       0x08003660   Section        0  can_1.o(.text.MX_CAN1_Init)
    [Anonymous Symbol]                       0x080036a4   Section        0  can_1.o(.text.MX_CAN2_Init)
    [Anonymous Symbol]                       0x080036e8   Section        0  gpio_1.o(.text.MX_GPIO_Init)
    [Anonymous Symbol]                       0x080037b4   Section        0  i2c_1.o(.text.MX_I2C1_Init)
    [Anonymous Symbol]                       0x0800382c   Section        0  tim_1.o(.text.MX_TIM3_Init)
    [Anonymous Symbol]                       0x080038c4   Section        0  usart_1.o(.text.MX_USART1_UART_Init)
    [Anonymous Symbol]                       0x08003900   Section        0  car_ctrl_1.o(.text.MecanumWheel_Move)
    [Anonymous Symbol]                       0x08003ae4   Section        0  stm32f4xx_it_1.o(.text.MemManage_Handler)
    [Anonymous Symbol]                       0x08003ae8   Section        0  stm32f4xx_it_1.o(.text.NMI_Handler)
    NVIC_EncodePriority                      0x08003af5   Thumb Code   110  stm32f4xx_hal_cortex.o(.text.NVIC_EncodePriority)
    [Anonymous Symbol]                       0x08003af4   Section        0  stm32f4xx_hal_cortex.o(.text.NVIC_EncodePriority)
    [Anonymous Symbol]                       0x08003b64   Section        0  pid_1.o(.text.PID_Struct_Init)
    [Anonymous Symbol]                       0x08003c10   Section        0  pid_tim_1.o(.text.PID_TIM_Init)
    [Anonymous Symbol]                       0x08003cbc   Section        0  stm32f4xx_it_1.o(.text.PendSV_Handler)
    [Anonymous Symbol]                       0x08003cc0   Section        0  stm32f4xx_it_1.o(.text.SVC_Handler)
    [Anonymous Symbol]                       0x08003cc4   Section        0  motor_can_1.o(.text.Set_voltagec1)
    SysTick_Config                           0x08003d35   Thumb Code    82  stm32f4xx_hal_cortex.o(.text.SysTick_Config)
    [Anonymous Symbol]                       0x08003d34   Section        0  stm32f4xx_hal_cortex.o(.text.SysTick_Config)
    [Anonymous Symbol]                       0x08003d88   Section        0  stm32f4xx_it_1.o(.text.SysTick_Handler)
    [Anonymous Symbol]                       0x08003d90   Section        0  main_1.o(.text.SystemClock_Config)
    [Anonymous Symbol]                       0x08003e54   Section        0  system_stm32f4xx_1.o(.text.SystemInit)
    [Anonymous Symbol]                       0x08003e68   Section        0  stm32f4xx_it_1.o(.text.TIM3_IRQHandler)
    [Anonymous Symbol]                       0x08003ea0   Section        0  stm32f4xx_hal_tim.o(.text.TIM_Base_SetConfig)
    [Anonymous Symbol]                       0x08004044   Section        0  stm32f4xx_hal_tim.o(.text.TIM_ETR_SetConfig)
    TIM_ITRx_SetConfig                       0x08004079   Thumb Code    42  stm32f4xx_hal_tim.o(.text.TIM_ITRx_SetConfig)
    [Anonymous Symbol]                       0x08004078   Section        0  stm32f4xx_hal_tim.o(.text.TIM_ITRx_SetConfig)
    TIM_TI1_ConfigInputStage                 0x080040a5   Thumb Code    80  stm32f4xx_hal_tim.o(.text.TIM_TI1_ConfigInputStage)
    [Anonymous Symbol]                       0x080040a4   Section        0  stm32f4xx_hal_tim.o(.text.TIM_TI1_ConfigInputStage)
    TIM_TI2_ConfigInputStage                 0x080040f5   Thumb Code    82  stm32f4xx_hal_tim.o(.text.TIM_TI2_ConfigInputStage)
    [Anonymous Symbol]                       0x080040f4   Section        0  stm32f4xx_hal_tim.o(.text.TIM_TI2_ConfigInputStage)
    UART_SetConfig                           0x08004149   Thumb Code   342  stm32f4xx_hal_uart.o(.text.UART_SetConfig)
    [Anonymous Symbol]                       0x08004148   Section        0  stm32f4xx_hal_uart.o(.text.UART_SetConfig)
    [Anonymous Symbol]                       0x080042a0   Section        0  remote_control_1.o(.text.USART1_IRQHandler)
    [Anonymous Symbol]                       0x080043e8   Section        0  stm32f4xx_it_1.o(.text.UsageFault_Handler)
    __NVIC_EnableIRQ                         0x080043ed   Thumb Code    52  stm32f4xx_hal_cortex.o(.text.__NVIC_EnableIRQ)
    [Anonymous Symbol]                       0x080043ec   Section        0  stm32f4xx_hal_cortex.o(.text.__NVIC_EnableIRQ)
    __NVIC_GetPriorityGrouping               0x08004421   Thumb Code    16  stm32f4xx_hal_cortex.o(.text.__NVIC_GetPriorityGrouping)
    [Anonymous Symbol]                       0x08004420   Section        0  stm32f4xx_hal_cortex.o(.text.__NVIC_GetPriorityGrouping)
    __NVIC_SetPriority                       0x08004431   Thumb Code    68  stm32f4xx_hal_cortex.o(.text.__NVIC_SetPriority)
    [Anonymous Symbol]                       0x08004430   Section        0  stm32f4xx_hal_cortex.o(.text.__NVIC_SetPriority)
    __NVIC_SetPriorityGrouping               0x08004475   Thumb Code    60  stm32f4xx_hal_cortex.o(.text.__NVIC_SetPriorityGrouping)
    [Anonymous Symbol]                       0x08004474   Section        0  stm32f4xx_hal_cortex.o(.text.__NVIC_SetPriorityGrouping)
    abs_limit                                0x080044b1   Thumb Code   102  pid_1.o(.text.abs_limit)
    [Anonymous Symbol]                       0x080044b0   Section        0  pid_1.o(.text.abs_limit)
    [Anonymous Symbol]                       0x08004518   Section        0  motor_can_1.o(.text.can1_filter_init)
    [Anonymous Symbol]                       0x08004570   Section        0  motor_can_1.o(.text.can2_fliter_init)
    [Anonymous Symbol]                       0x08004598   Section        0  main_1.o(.text.main)
    [Anonymous Symbol]                       0x08004628   Section        0  pid_1.o(.text.pid_calc)
    [Anonymous Symbol]                       0x08004768   Section        0  pid_1.o(.text.pid_init)
    [Anonymous Symbol]                       0x080047a8   Section        0  pid_1.o(.text.pid_reset)
    sbus_to_rc                               0x080047e1   Thumb Code   292  remote_control_1.o(.text.sbus_to_rc)
    [Anonymous Symbol]                       0x080047e0   Section        0  remote_control_1.o(.text.sbus_to_rc)
    $v0                                      0x08004904   Number         0  dcmpi.o(x$fpl$dcmpinf)
    x$fpl$dcmpinf                            0x08004904   Section       24  dcmpi.o(x$fpl$dcmpinf)
    $v0                                      0x0800491c   Number         0  deqf.o(x$fpl$deqf)
    x$fpl$deqf                               0x0800491c   Section      120  deqf.o(x$fpl$deqf)
    $v0                                      0x08004994   Number         0  dgeqf.o(x$fpl$dgeqf)
    x$fpl$dgeqf                              0x08004994   Section      120  dgeqf.o(x$fpl$dgeqf)
    $v0                                      0x08004a0c   Number         0  dleqf.o(x$fpl$dleqf)
    x$fpl$dleqf                              0x08004a0c   Section      120  dleqf.o(x$fpl$dleqf)
    $v0                                      0x08004a84   Number         0  dnaninf.o(x$fpl$dnaninf)
    x$fpl$dnaninf                            0x08004a84   Section      156  dnaninf.o(x$fpl$dnaninf)
    $v0                                      0x08004b20   Number         0  dretinf.o(x$fpl$dretinf)
    x$fpl$dretinf                            0x08004b20   Section       12  dretinf.o(x$fpl$dretinf)
    $v0                                      0x08004b2c   Number         0  f2d.o(x$fpl$f2d)
    x$fpl$f2d                                0x08004b2c   Section       86  f2d.o(x$fpl$f2d)
    $v0                                      0x08004b82   Number         0  dcmp.o(x$fpl$fcmp)
    x$fpl$fcmp                               0x08004b82   Section       84  dcmp.o(x$fpl$fcmp)
    $v0                                      0x08004bd6   Number         0  fnaninf.o(x$fpl$fnaninf)
    x$fpl$fnaninf                            0x08004bd6   Section      140  fnaninf.o(x$fpl$fnaninf)
    $v0                                      0x08004c62   Number         0  fpinit.o(x$fpl$fpinit)
    x$fpl$fpinit                             0x08004c62   Section       26  fpinit.o(x$fpl$fpinit)
    x$fpl$usenofp                            0x08004c7c   Section        0  usenofp.o(x$fpl$usenofp)
    .bss                                     0x20000010   Section       96  libspace.o(.bss)
    HAL_RCC_CAN1_CLK_ENABLED                 0x20000630   Data           4  can_1.o(.bss.HAL_RCC_CAN1_CLK_ENABLED)
    [Anonymous Symbol]                       0x20000630   Section        0  can_1.o(.bss.HAL_RCC_CAN1_CLK_ENABLED)
    HAL_TIM_PeriodElapsedCallback.voltages   0x20000634   Data           8  pid_tim_1.o(.bss.HAL_TIM_PeriodElapsedCallback.voltages)
    [Anonymous Symbol]                       0x20000634   Section        0  pid_tim_1.o(.bss.HAL_TIM_PeriodElapsedCallback.voltages)
    USART1_IRQHandler.this_time_rx_len       0x2000063c   Data           2  remote_control_1.o(.bss.USART1_IRQHandler.this_time_rx_len)
    [Anonymous Symbol]                       0x2000063c   Section        0  remote_control_1.o(.bss.USART1_IRQHandler.this_time_rx_len)
    sbus_rx_buf                              0x20000844   Data          72  remote_control_1.o(.bss.sbus_rx_buf)
    [Anonymous Symbol]                       0x20000844   Section        0  remote_control_1.o(.bss.sbus_rx_buf)
    Heap_Mem                                 0x20000890   Data         512  startup_stm32f427xx.o(HEAP)
    HEAP                                     0x20000890   Section      512  startup_stm32f427xx.o(HEAP)
    Stack_Mem                                0x20000a90   Data        1024  startup_stm32f427xx.o(STACK)
    STACK                                    0x20000a90   Section     1024  startup_stm32f427xx.o(STACK)
    __initial_sp                             0x20000e90   Data           0  startup_stm32f427xx.o(STACK)

    Global Symbols

    Symbol Name                              Value     Ov Type        Size  Object(Section)

    BuildAttributes$$THM_ISAv4$E$P$D$K$B$S$7EM$VFPi3$EXTD16$VFPS$VFMA$PE$A:L22UL41UL21$X:L11$S22US41US21$IEEE1$IW$~IW$USESV6$~STKCKD$USESV7$~SHL$OSPACE$ROPI$EBA8$UX$STANDARDLIB$REQ8$PRES8$EABIv2 0x00000000   Number         0  anon$$obj.o ABSOLUTE
    __ARM_exceptions_init                     - Undefined Weak Reference
    __alloca_initialize                       - Undefined Weak Reference
    __arm_preinit_                            - Undefined Weak Reference
    __cpp_initialize__aeabi_                  - Undefined Weak Reference
    __cxa_finalize                            - Undefined Weak Reference
    __rt_locale                               - Undefined Weak Reference
    __sigvec_lookup                           - Undefined Weak Reference
    _atexit_init                              - Undefined Weak Reference
    _call_atexit_fns                          - Undefined Weak Reference
    _clock_init                               - Undefined Weak Reference
    _fp_trap_init                             - Undefined Weak Reference
    _fp_trap_shutdown                         - Undefined Weak Reference
    _get_lc_collate                           - Undefined Weak Reference
    _get_lc_ctype                             - Undefined Weak Reference
    _get_lc_monetary                          - Undefined Weak Reference
    _get_lc_numeric                           - Undefined Weak Reference
    _get_lc_time                              - Undefined Weak Reference
    _getenv_init                              - Undefined Weak Reference
    _handle_redirection                       - Undefined Weak Reference
    _init_alloc                               - Undefined Weak Reference
    _init_user_alloc                          - Undefined Weak Reference
    _initio                                   - Undefined Weak Reference
    _rand_init                                - Undefined Weak Reference
    _signal_finish                            - Undefined Weak Reference
    _signal_init                              - Undefined Weak Reference
    _terminate_alloc                          - Undefined Weak Reference
    _terminate_user_alloc                     - Undefined Weak Reference
    _terminateio                              - Undefined Weak Reference
    __Vectors_Size                           0x000001ac   Number         0  startup_stm32f427xx.o ABSOLUTE
    __Vectors                                0x08000000   Data           4  startup_stm32f427xx.o(RESET)
    __Vectors_End                            0x080001ac   Data           0  startup_stm32f427xx.o(RESET)
    __main                                   0x080001ad   Thumb Code     8  __main.o(!!!main)
    __scatterload                            0x080001b5   Thumb Code     0  __scatter.o(!!!scatter)
    __scatterload_rt2                        0x080001b5   Thumb Code    44  __scatter.o(!!!scatter)
    __scatterload_rt2_thumb_only             0x080001b5   Thumb Code     0  __scatter.o(!!!scatter)
    __scatterload_null                       0x080001c3   Thumb Code     0  __scatter.o(!!!scatter)
    __scatterload_copy                       0x080001e9   Thumb Code    26  __scatter_copy.o(!!handler_copy)
    __scatterload_zeroinit                   0x08000205   Thumb Code    28  __scatter_zi.o(!!handler_zi)
    __rt_lib_init                            0x08000221   Thumb Code     0  libinit.o(.ARM.Collect$$libinit$$00000000)
    __rt_lib_init_fp_1                       0x08000223   Thumb Code     0  libinit2.o(.ARM.Collect$$libinit$$00000001)
    __rt_lib_init_argv_1                     0x08000227   Thumb Code     0  libinit2.o(.ARM.Collect$$libinit$$00000027)
    __rt_lib_init_atexit_1                   0x08000227   Thumb Code     0  libinit2.o(.ARM.Collect$$libinit$$0000001B)
    __rt_lib_init_clock_1                    0x08000227   Thumb Code     0  libinit2.o(.ARM.Collect$$libinit$$00000021)
    __rt_lib_init_fp_trap_1                  0x08000227   Thumb Code     0  libinit2.o(.ARM.Collect$$libinit$$0000001F)
    __rt_lib_init_getenv_1                   0x08000227   Thumb Code     0  libinit2.o(.ARM.Collect$$libinit$$00000023)
    __rt_lib_init_heap_1                     0x08000227   Thumb Code     0  libinit2.o(.ARM.Collect$$libinit$$0000000A)
    __rt_lib_init_heapregion_libspace_used   0x08000227   Thumb Code     0  libinit2.o(.ARM.Collect$$libinit$$00000027)
    __rt_lib_init_lc_collate_1               0x08000227   Thumb Code     0  libinit2.o(.ARM.Collect$$libinit$$00000011)
    __rt_lib_init_lc_ctype_1                 0x08000227   Thumb Code     0  libinit2.o(.ARM.Collect$$libinit$$00000013)
    __rt_lib_init_lc_monetary_1              0x08000227   Thumb Code     0  libinit2.o(.ARM.Collect$$libinit$$00000015)
    __rt_lib_init_lc_numeric_1               0x08000227   Thumb Code     0  libinit2.o(.ARM.Collect$$libinit$$00000017)
    __rt_lib_init_lc_time_1                  0x08000227   Thumb Code     0  libinit2.o(.ARM.Collect$$libinit$$00000019)
    __rt_lib_init_preinit_1                  0x08000227   Thumb Code     0  libinit2.o(.ARM.Collect$$libinit$$00000004)
    __rt_lib_init_rand_1                     0x08000227   Thumb Code     0  libinit2.o(.ARM.Collect$$libinit$$0000000E)
    __rt_lib_init_signal_1                   0x08000227   Thumb Code     0  libinit2.o(.ARM.Collect$$libinit$$0000001D)
    __rt_lib_init_stdio_1                    0x08000227   Thumb Code     0  libinit2.o(.ARM.Collect$$libinit$$00000025)
    __rt_lib_init_user_alloc_1               0x08000227   Thumb Code     0  libinit2.o(.ARM.Collect$$libinit$$0000000C)
    __rt_lib_init_alloca_1                   0x0800022f   Thumb Code     0  libinit2.o(.ARM.Collect$$libinit$$0000002E)
    __rt_lib_init_cpp_1                      0x0800022f   Thumb Code     0  libinit2.o(.ARM.Collect$$libinit$$00000032)
    __rt_lib_init_exceptions_1               0x0800022f   Thumb Code     0  libinit2.o(.ARM.Collect$$libinit$$00000030)
    __rt_lib_init_return                     0x0800022f   Thumb Code     0  libinit2.o(.ARM.Collect$$libinit$$00000033)
    __rt_lib_shutdown                        0x08000231   Thumb Code     0  libshutdown.o(.ARM.Collect$$libshutdown$$00000000)
    __rt_lib_shutdown_cpp_1                  0x08000233   Thumb Code     0  libshutdown2.o(.ARM.Collect$$libshutdown$$00000002)
    __rt_lib_shutdown_fp_trap_1              0x08000233   Thumb Code     0  libshutdown2.o(.ARM.Collect$$libshutdown$$00000007)
    __rt_lib_shutdown_heap_1                 0x08000233   Thumb Code     0  libshutdown2.o(.ARM.Collect$$libshutdown$$0000000F)
    __rt_lib_shutdown_return                 0x08000233   Thumb Code     0  libshutdown2.o(.ARM.Collect$$libshutdown$$00000010)
    __rt_lib_shutdown_signal_1               0x08000233   Thumb Code     0  libshutdown2.o(.ARM.Collect$$libshutdown$$0000000A)
    __rt_lib_shutdown_stdio_1                0x08000233   Thumb Code     0  libshutdown2.o(.ARM.Collect$$libshutdown$$00000004)
    __rt_lib_shutdown_user_alloc_1           0x08000233   Thumb Code     0  libshutdown2.o(.ARM.Collect$$libshutdown$$0000000C)
    __rt_entry                               0x08000235   Thumb Code     0  __rtentry.o(.ARM.Collect$$rtentry$$00000000)
    __rt_entry_presh_1                       0x08000235   Thumb Code     0  __rtentry2.o(.ARM.Collect$$rtentry$$00000002)
    __rt_entry_sh                            0x08000235   Thumb Code     0  __rtentry4.o(.ARM.Collect$$rtentry$$00000004)
    __rt_entry_li                            0x0800023b   Thumb Code     0  __rtentry2.o(.ARM.Collect$$rtentry$$0000000A)
    __rt_entry_postsh_1                      0x0800023b   Thumb Code     0  __rtentry2.o(.ARM.Collect$$rtentry$$00000009)
    __rt_entry_main                          0x0800023f   Thumb Code     0  __rtentry2.o(.ARM.Collect$$rtentry$$0000000D)
    __rt_entry_postli_1                      0x0800023f   Thumb Code     0  __rtentry2.o(.ARM.Collect$$rtentry$$0000000C)
    __rt_exit                                0x08000247   Thumb Code     0  rtexit.o(.ARM.Collect$$rtexit$$00000000)
    __rt_exit_ls                             0x08000249   Thumb Code     0  rtexit2.o(.ARM.Collect$$rtexit$$00000003)
    __rt_exit_prels_1                        0x08000249   Thumb Code     0  rtexit2.o(.ARM.Collect$$rtexit$$00000002)
    __rt_exit_exit                           0x0800024d   Thumb Code     0  rtexit2.o(.ARM.Collect$$rtexit$$00000004)
    __ARM_argv_veneer                        0x08000255   Thumb Code     4  argv_veneer.o(.emb_text)
    Reset_Handler                            0x08000259   Thumb Code     8  startup_stm32f427xx.o(.text)
    ADC_IRQHandler                           0x08000273   Thumb Code     0  startup_stm32f427xx.o(.text)
    CAN1_RX1_IRQHandler                      0x08000273   Thumb Code     0  startup_stm32f427xx.o(.text)
    CAN1_SCE_IRQHandler                      0x08000273   Thumb Code     0  startup_stm32f427xx.o(.text)
    CAN1_TX_IRQHandler                       0x08000273   Thumb Code     0  startup_stm32f427xx.o(.text)
    CAN2_RX1_IRQHandler                      0x08000273   Thumb Code     0  startup_stm32f427xx.o(.text)
    CAN2_SCE_IRQHandler                      0x08000273   Thumb Code     0  startup_stm32f427xx.o(.text)
    CAN2_TX_IRQHandler                       0x08000273   Thumb Code     0  startup_stm32f427xx.o(.text)
    DCMI_IRQHandler                          0x08000273   Thumb Code     0  startup_stm32f427xx.o(.text)
    DMA1_Stream0_IRQHandler                  0x08000273   Thumb Code     0  startup_stm32f427xx.o(.text)
    DMA1_Stream1_IRQHandler                  0x08000273   Thumb Code     0  startup_stm32f427xx.o(.text)
    DMA1_Stream2_IRQHandler                  0x08000273   Thumb Code     0  startup_stm32f427xx.o(.text)
    DMA1_Stream3_IRQHandler                  0x08000273   Thumb Code     0  startup_stm32f427xx.o(.text)
    DMA1_Stream4_IRQHandler                  0x08000273   Thumb Code     0  startup_stm32f427xx.o(.text)
    DMA1_Stream5_IRQHandler                  0x08000273   Thumb Code     0  startup_stm32f427xx.o(.text)
    DMA1_Stream6_IRQHandler                  0x08000273   Thumb Code     0  startup_stm32f427xx.o(.text)
    DMA1_Stream7_IRQHandler                  0x08000273   Thumb Code     0  startup_stm32f427xx.o(.text)
    DMA2D_IRQHandler                         0x08000273   Thumb Code     0  startup_stm32f427xx.o(.text)
    DMA2_Stream0_IRQHandler                  0x08000273   Thumb Code     0  startup_stm32f427xx.o(.text)
    DMA2_Stream1_IRQHandler                  0x08000273   Thumb Code     0  startup_stm32f427xx.o(.text)
    DMA2_Stream2_IRQHandler                  0x08000273   Thumb Code     0  startup_stm32f427xx.o(.text)
    DMA2_Stream3_IRQHandler                  0x08000273   Thumb Code     0  startup_stm32f427xx.o(.text)
    DMA2_Stream4_IRQHandler                  0x08000273   Thumb Code     0  startup_stm32f427xx.o(.text)
    DMA2_Stream5_IRQHandler                  0x08000273   Thumb Code     0  startup_stm32f427xx.o(.text)
    DMA2_Stream6_IRQHandler                  0x08000273   Thumb Code     0  startup_stm32f427xx.o(.text)
    DMA2_Stream7_IRQHandler                  0x08000273   Thumb Code     0  startup_stm32f427xx.o(.text)
    ETH_IRQHandler                           0x08000273   Thumb Code     0  startup_stm32f427xx.o(.text)
    ETH_WKUP_IRQHandler                      0x08000273   Thumb Code     0  startup_stm32f427xx.o(.text)
    EXTI0_IRQHandler                         0x08000273   Thumb Code     0  startup_stm32f427xx.o(.text)
    EXTI15_10_IRQHandler                     0x08000273   Thumb Code     0  startup_stm32f427xx.o(.text)
    EXTI2_IRQHandler                         0x08000273   Thumb Code     0  startup_stm32f427xx.o(.text)
    EXTI3_IRQHandler                         0x08000273   Thumb Code     0  startup_stm32f427xx.o(.text)
    EXTI4_IRQHandler                         0x08000273   Thumb Code     0  startup_stm32f427xx.o(.text)
    EXTI9_5_IRQHandler                       0x08000273   Thumb Code     0  startup_stm32f427xx.o(.text)
    FLASH_IRQHandler                         0x08000273   Thumb Code     0  startup_stm32f427xx.o(.text)
    FMC_IRQHandler                           0x08000273   Thumb Code     0  startup_stm32f427xx.o(.text)
    FPU_IRQHandler                           0x08000273   Thumb Code     0  startup_stm32f427xx.o(.text)
    HASH_RNG_IRQHandler                      0x08000273   Thumb Code     0  startup_stm32f427xx.o(.text)
    I2C1_ER_IRQHandler                       0x08000273   Thumb Code     0  startup_stm32f427xx.o(.text)
    I2C1_EV_IRQHandler                       0x08000273   Thumb Code     0  startup_stm32f427xx.o(.text)
    I2C2_ER_IRQHandler                       0x08000273   Thumb Code     0  startup_stm32f427xx.o(.text)
    I2C2_EV_IRQHandler                       0x08000273   Thumb Code     0  startup_stm32f427xx.o(.text)
    I2C3_ER_IRQHandler                       0x08000273   Thumb Code     0  startup_stm32f427xx.o(.text)
    I2C3_EV_IRQHandler                       0x08000273   Thumb Code     0  startup_stm32f427xx.o(.text)
    OTG_FS_IRQHandler                        0x08000273   Thumb Code     0  startup_stm32f427xx.o(.text)
    OTG_FS_WKUP_IRQHandler                   0x08000273   Thumb Code     0  startup_stm32f427xx.o(.text)
    OTG_HS_EP1_IN_IRQHandler                 0x08000273   Thumb Code     0  startup_stm32f427xx.o(.text)
    OTG_HS_EP1_OUT_IRQHandler                0x08000273   Thumb Code     0  startup_stm32f427xx.o(.text)
    OTG_HS_IRQHandler                        0x08000273   Thumb Code     0  startup_stm32f427xx.o(.text)
    OTG_HS_WKUP_IRQHandler                   0x08000273   Thumb Code     0  startup_stm32f427xx.o(.text)
    PVD_IRQHandler                           0x08000273   Thumb Code     0  startup_stm32f427xx.o(.text)
    RCC_IRQHandler                           0x08000273   Thumb Code     0  startup_stm32f427xx.o(.text)
    RTC_Alarm_IRQHandler                     0x08000273   Thumb Code     0  startup_stm32f427xx.o(.text)
    RTC_WKUP_IRQHandler                      0x08000273   Thumb Code     0  startup_stm32f427xx.o(.text)
    SAI1_IRQHandler                          0x08000273   Thumb Code     0  startup_stm32f427xx.o(.text)
    SDIO_IRQHandler                          0x08000273   Thumb Code     0  startup_stm32f427xx.o(.text)
    SPI1_IRQHandler                          0x08000273   Thumb Code     0  startup_stm32f427xx.o(.text)
    SPI2_IRQHandler                          0x08000273   Thumb Code     0  startup_stm32f427xx.o(.text)
    SPI3_IRQHandler                          0x08000273   Thumb Code     0  startup_stm32f427xx.o(.text)
    SPI4_IRQHandler                          0x08000273   Thumb Code     0  startup_stm32f427xx.o(.text)
    SPI5_IRQHandler                          0x08000273   Thumb Code     0  startup_stm32f427xx.o(.text)
    SPI6_IRQHandler                          0x08000273   Thumb Code     0  startup_stm32f427xx.o(.text)
    TAMP_STAMP_IRQHandler                    0x08000273   Thumb Code     0  startup_stm32f427xx.o(.text)
    TIM1_BRK_TIM9_IRQHandler                 0x08000273   Thumb Code     0  startup_stm32f427xx.o(.text)
    TIM1_CC_IRQHandler                       0x08000273   Thumb Code     0  startup_stm32f427xx.o(.text)
    TIM1_TRG_COM_TIM11_IRQHandler            0x08000273   Thumb Code     0  startup_stm32f427xx.o(.text)
    TIM1_UP_TIM10_IRQHandler                 0x08000273   Thumb Code     0  startup_stm32f427xx.o(.text)
    TIM2_IRQHandler                          0x08000273   Thumb Code     0  startup_stm32f427xx.o(.text)
    TIM4_IRQHandler                          0x08000273   Thumb Code     0  startup_stm32f427xx.o(.text)
    TIM5_IRQHandler                          0x08000273   Thumb Code     0  startup_stm32f427xx.o(.text)
    TIM6_DAC_IRQHandler                      0x08000273   Thumb Code     0  startup_stm32f427xx.o(.text)
    TIM7_IRQHandler                          0x08000273   Thumb Code     0  startup_stm32f427xx.o(.text)
    TIM8_BRK_TIM12_IRQHandler                0x08000273   Thumb Code     0  startup_stm32f427xx.o(.text)
    TIM8_CC_IRQHandler                       0x08000273   Thumb Code     0  startup_stm32f427xx.o(.text)
    TIM8_TRG_COM_TIM14_IRQHandler            0x08000273   Thumb Code     0  startup_stm32f427xx.o(.text)
    TIM8_UP_TIM13_IRQHandler                 0x08000273   Thumb Code     0  startup_stm32f427xx.o(.text)
    UART4_IRQHandler                         0x08000273   Thumb Code     0  startup_stm32f427xx.o(.text)
    UART5_IRQHandler                         0x08000273   Thumb Code     0  startup_stm32f427xx.o(.text)
    UART7_IRQHandler                         0x08000273   Thumb Code     0  startup_stm32f427xx.o(.text)
    UART8_IRQHandler                         0x08000273   Thumb Code     0  startup_stm32f427xx.o(.text)
    USART2_IRQHandler                        0x08000273   Thumb Code     0  startup_stm32f427xx.o(.text)
    USART3_IRQHandler                        0x08000273   Thumb Code     0  startup_stm32f427xx.o(.text)
    USART6_IRQHandler                        0x08000273   Thumb Code     0  startup_stm32f427xx.o(.text)
    WWDG_IRQHandler                          0x08000273   Thumb Code     0  startup_stm32f427xx.o(.text)
    __user_initial_stackheap                 0x08000275   Thumb Code     0  startup_stm32f427xx.o(.text)
    __aeabi_uldivmod                         0x08000299   Thumb Code     0  lludivv7m.o(.text)
    _ll_udiv                                 0x08000299   Thumb Code   240  lludivv7m.o(.text)
    __aeabi_memclr4                          0x08000389   Thumb Code     0  rt_memclr_w.o(.text)
    __aeabi_memclr8                          0x08000389   Thumb Code     0  rt_memclr_w.o(.text)
    __rt_memclr_w                            0x08000389   Thumb Code    78  rt_memclr_w.o(.text)
    _memset_w                                0x0800038d   Thumb Code     0  rt_memclr_w.o(.text)
    __use_two_region_memory                  0x080003d7   Thumb Code     2  heapauxi.o(.text)
    __rt_heap_escrow$2region                 0x080003d9   Thumb Code     2  heapauxi.o(.text)
    __rt_heap_expand$2region                 0x080003db   Thumb Code     2  heapauxi.o(.text)
    __user_setup_stackheap                   0x080003dd   Thumb Code    74  sys_stackheap_outer.o(.text)
    exit                                     0x08000427   Thumb Code    18  exit.o(.text)
    __user_libspace                          0x08000439   Thumb Code     8  libspace.o(.text)
    __user_perproc_libspace                  0x08000439   Thumb Code     0  libspace.o(.text)
    __user_perthread_libspace                0x08000439   Thumb Code     0  libspace.o(.text)
    __sig_exit                               0x08000441   Thumb Code    10  defsig_exit.o(.text)
    _sys_exit                                0x0800044d   Thumb Code     8  sys_exit.o(.text)
    __default_signal_display                 0x08000459   Thumb Code    50  defsig_general.o(.text)
    _ttywrch                                 0x0800048b   Thumb Code    14  sys_wrch.o(.text)
    __I$use$semihosting                      0x08000499   Thumb Code     0  use_no_semi.o(.text)
    __use_no_semihosting_swi                 0x08000499   Thumb Code     2  use_no_semi.o(.text)
    __argv_alloc                             0x0800049b   Thumb Code    34  _get_argv_nomalloc.o(.text)
    __semihosting_library_function           0x0800049b   Thumb Code     0  indicate_semi.o(.text)
    __ARM_get_argv                           0x080004bd   Thumb Code   268  _get_argv_nomalloc.o(.text)
    _sys_command_string                      0x080005c9   Thumb Code    24  sys_command.o(.text)
    __use_no_heap_region                     0x080005e1   Thumb Code     2  hrguard.o(.text)
    __heap_region$guard                      0x080005e3   Thumb Code     2  hrguard.o(.text)
    __rt_SIGRTMEM_inner                      0x080005e5   Thumb Code    22  defsig_rtmem_inner.o(.text)
    __rt_SIGRTMEM                            0x08000635   Thumb Code    14  defsig_rtmem_outer.o(.text)
    All_Init                                 0x08000645   Thumb Code   156  initialize_1.o(.text.All_Init)
    BusFault_Handler                         0x080006e1   Thumb Code     4  stm32f4xx_it_1.o(.text.BusFault_Handler)
    CAN1_RX0_IRQHandler                      0x080006e5   Thumb Code    16  stm32f4xx_it_1.o(.text.CAN1_RX0_IRQHandler)
    CAN2_RX0_IRQHandler                      0x080006f5   Thumb Code    16  stm32f4xx_it_1.o(.text.CAN2_RX0_IRQHandler)
    DebugMon_Handler                         0x08000705   Thumb Code     2  stm32f4xx_it_1.o(.text.DebugMon_Handler)
    EXTI1_IRQHandler                         0x08000709   Thumb Code    10  stm32f4xx_it_1.o(.text.EXTI1_IRQHandler)
    Error_Handler                            0x08000715   Thumb Code     6  main_1.o(.text.Error_Handler)
    HAL_CAN_ActivateNotification             0x0800071d   Thumb Code    82  stm32f4xx_hal_can.o(.text.HAL_CAN_ActivateNotification)
    HAL_CAN_AddTxMessage                     0x08000771   Thumb Code   348  stm32f4xx_hal_can.o(.text.HAL_CAN_AddTxMessage)
    HAL_CAN_ConfigFilter                     0x080008cd   Thumb Code   430  stm32f4xx_hal_can.o(.text.HAL_CAN_ConfigFilter)
    HAL_CAN_ErrorCallback                    0x08000a7d   Thumb Code     8  stm32f4xx_hal_can.o(.text.HAL_CAN_ErrorCallback)
    HAL_CAN_GetRxMessage                     0x08000a85   Thumb Code   540  stm32f4xx_hal_can.o(.text.HAL_CAN_GetRxMessage)
    HAL_CAN_IRQHandler                       0x08000ca1   Thumb Code  1028  stm32f4xx_hal_can.o(.text.HAL_CAN_IRQHandler)
    HAL_CAN_Init                             0x080010a5   Thumb Code   484  stm32f4xx_hal_can.o(.text.HAL_CAN_Init)
    HAL_CAN_MspInit                          0x08001289   Thumb Code   442  can_1.o(.text.HAL_CAN_MspInit)
    HAL_CAN_RxFifo0FullCallback              0x08001445   Thumb Code     8  stm32f4xx_hal_can.o(.text.HAL_CAN_RxFifo0FullCallback)
    HAL_CAN_RxFifo0MsgPendingCallback        0x0800144d   Thumb Code   400  motor_can_1.o(.text.HAL_CAN_RxFifo0MsgPendingCallback)
    HAL_CAN_RxFifo1FullCallback              0x080015dd   Thumb Code     8  stm32f4xx_hal_can.o(.text.HAL_CAN_RxFifo1FullCallback)
    HAL_CAN_RxFifo1MsgPendingCallback        0x080015e5   Thumb Code     8  stm32f4xx_hal_can.o(.text.HAL_CAN_RxFifo1MsgPendingCallback)
    HAL_CAN_SleepCallback                    0x080015ed   Thumb Code     8  stm32f4xx_hal_can.o(.text.HAL_CAN_SleepCallback)
    HAL_CAN_Start                            0x080015f5   Thumb Code   140  stm32f4xx_hal_can.o(.text.HAL_CAN_Start)
    HAL_CAN_Stop                             0x08001681   Thumb Code   148  stm32f4xx_hal_can.o(.text.HAL_CAN_Stop)
    HAL_CAN_TxMailbox0AbortCallback          0x08001715   Thumb Code     8  stm32f4xx_hal_can.o(.text.HAL_CAN_TxMailbox0AbortCallback)
    HAL_CAN_TxMailbox0CompleteCallback       0x0800171d   Thumb Code     8  stm32f4xx_hal_can.o(.text.HAL_CAN_TxMailbox0CompleteCallback)
    HAL_CAN_TxMailbox1AbortCallback          0x08001725   Thumb Code     8  stm32f4xx_hal_can.o(.text.HAL_CAN_TxMailbox1AbortCallback)
    HAL_CAN_TxMailbox1CompleteCallback       0x0800172d   Thumb Code     8  stm32f4xx_hal_can.o(.text.HAL_CAN_TxMailbox1CompleteCallback)
    HAL_CAN_TxMailbox2AbortCallback          0x08001735   Thumb Code     8  stm32f4xx_hal_can.o(.text.HAL_CAN_TxMailbox2AbortCallback)
    HAL_CAN_TxMailbox2CompleteCallback       0x0800173d   Thumb Code     8  stm32f4xx_hal_can.o(.text.HAL_CAN_TxMailbox2CompleteCallback)
    HAL_CAN_WakeUpFromRxMsgCallback          0x08001745   Thumb Code     8  stm32f4xx_hal_can.o(.text.HAL_CAN_WakeUpFromRxMsgCallback)
    HAL_Delay                                0x0800174d   Thumb Code    68  stm32f4xx_hal.o(.text.HAL_Delay)
    HAL_GPIO_EXTI_Callback                   0x08001791   Thumb Code    12  stm32f4xx_hal_gpio.o(.text.HAL_GPIO_EXTI_Callback)
    HAL_GPIO_EXTI_IRQHandler                 0x0800179d   Thumb Code    58  stm32f4xx_hal_gpio.o(.text.HAL_GPIO_EXTI_IRQHandler)
    HAL_GPIO_Init                            0x080017d9   Thumb Code  1018  stm32f4xx_hal_gpio.o(.text.HAL_GPIO_Init)
    HAL_GetTick                              0x08001bd5   Thumb Code    12  stm32f4xx_hal.o(.text.HAL_GetTick)
    HAL_I2CEx_ConfigAnalogFilter             0x08001be1   Thumb Code   106  stm32f4xx_hal_i2c_ex.o(.text.HAL_I2CEx_ConfigAnalogFilter)
    HAL_I2CEx_ConfigDigitalFilter            0x08001c4d   Thumb Code   132  stm32f4xx_hal_i2c_ex.o(.text.HAL_I2CEx_ConfigDigitalFilter)
    HAL_I2C_Init                             0x08001cd1   Thumb Code   698  stm32f4xx_hal_i2c.o(.text.HAL_I2C_Init)
    HAL_I2C_MspInit                          0x08001f8d   Thumb Code   146  i2c_1.o(.text.HAL_I2C_MspInit)
    HAL_IncTick                              0x08002021   Thumb Code    26  stm32f4xx_hal.o(.text.HAL_IncTick)
    HAL_Init                                 0x0800203d   Thumb Code    60  stm32f4xx_hal.o(.text.HAL_Init)
    HAL_InitTick                             0x08002079   Thumb Code   114  stm32f4xx_hal.o(.text.HAL_InitTick)
    HAL_MspInit                              0x080020ed   Thumb Code    74  stm32f4xx_hal_msp_1.o(.text.HAL_MspInit)
    HAL_NVIC_EnableIRQ                       0x08002139   Thumb Code    24  stm32f4xx_hal_cortex.o(.text.HAL_NVIC_EnableIRQ)
    HAL_NVIC_SetPriority                     0x08002151   Thumb Code    64  stm32f4xx_hal_cortex.o(.text.HAL_NVIC_SetPriority)
    HAL_NVIC_SetPriorityGrouping             0x08002191   Thumb Code    16  stm32f4xx_hal_cortex.o(.text.HAL_NVIC_SetPriorityGrouping)
    HAL_RCC_CSSCallback                      0x080021a1   Thumb Code     2  stm32f4xx_hal_rcc.o(.text.HAL_RCC_CSSCallback)
    HAL_RCC_ClockConfig                      0x080021a5   Thumb Code   612  stm32f4xx_hal_rcc.o(.text.HAL_RCC_ClockConfig)
    HAL_RCC_EnableCSS                        0x08002409   Thumb Code    12  stm32f4xx_hal_rcc.o(.text.HAL_RCC_EnableCSS)
    HAL_RCC_GetHCLKFreq                      0x08002415   Thumb Code    12  stm32f4xx_hal_rcc.o(.text.HAL_RCC_GetHCLKFreq)
    HAL_RCC_GetPCLK1Freq                     0x08002421   Thumb Code    34  stm32f4xx_hal_rcc.o(.text.HAL_RCC_GetPCLK1Freq)
    HAL_RCC_GetPCLK2Freq                     0x08002445   Thumb Code    34  stm32f4xx_hal_rcc.o(.text.HAL_RCC_GetPCLK2Freq)
    HAL_RCC_GetSysClockFreq                  0x08002469   Thumb Code   232  stm32f4xx_hal_rcc.o(.text.HAL_RCC_GetSysClockFreq)
    HAL_RCC_NMI_IRQHandler                   0x08002551   Thumb Code    40  stm32f4xx_hal_rcc.o(.text.HAL_RCC_NMI_IRQHandler)
    HAL_RCC_OscConfig                        0x08002579   Thumb Code  1738  stm32f4xx_hal_rcc.o(.text.HAL_RCC_OscConfig)
    HAL_SYSTICK_Config                       0x08002c45   Thumb Code    16  stm32f4xx_hal_cortex.o(.text.HAL_SYSTICK_Config)
    HAL_TIMEx_BreakCallback                  0x08002c55   Thumb Code     8  stm32f4xx_hal_tim_ex.o(.text.HAL_TIMEx_BreakCallback)
    HAL_TIMEx_CommutCallback                 0x08002c5d   Thumb Code     8  stm32f4xx_hal_tim_ex.o(.text.HAL_TIMEx_CommutCallback)
    HAL_TIMEx_MasterConfigSynchronization    0x08002c65   Thumb Code   290  stm32f4xx_hal_tim_ex.o(.text.HAL_TIMEx_MasterConfigSynchronization)
    HAL_TIM_Base_Init                        0x08002d89   Thumb Code   166  stm32f4xx_hal_tim.o(.text.HAL_TIM_Base_Init)
    HAL_TIM_Base_MspInit                     0x08002e31   Thumb Code   160  tim_1.o(.text.HAL_TIM_Base_MspInit)
    HAL_TIM_Base_Start                       0x08002ed1   Thumb Code   234  stm32f4xx_hal_tim.o(.text.HAL_TIM_Base_Start)
    HAL_TIM_Base_Start_IT                    0x08002fbd   Thumb Code   246  stm32f4xx_hal_tim.o(.text.HAL_TIM_Base_Start_IT)
    HAL_TIM_ConfigClockSource                0x080030b5   Thumb Code   420  stm32f4xx_hal_tim.o(.text.HAL_TIM_ConfigClockSource)
    HAL_TIM_IC_CaptureCallback               0x08003259   Thumb Code     8  stm32f4xx_hal_tim.o(.text.HAL_TIM_IC_CaptureCallback)
    HAL_TIM_IRQHandler                       0x08003261   Thumb Code   546  stm32f4xx_hal_tim.o(.text.HAL_TIM_IRQHandler)
    HAL_TIM_OC_DelayElapsedCallback          0x08003485   Thumb Code     8  stm32f4xx_hal_tim.o(.text.HAL_TIM_OC_DelayElapsedCallback)
    HAL_TIM_PWM_PulseFinishedCallback        0x0800348d   Thumb Code     8  stm32f4xx_hal_tim.o(.text.HAL_TIM_PWM_PulseFinishedCallback)
    HAL_TIM_PeriodElapsedCallback            0x08003495   Thumb Code   140  pid_tim_1.o(.text.HAL_TIM_PeriodElapsedCallback)
    HAL_TIM_TriggerCallback                  0x08003521   Thumb Code     8  stm32f4xx_hal_tim.o(.text.HAL_TIM_TriggerCallback)
    HAL_UART_Init                            0x08003529   Thumb Code   164  stm32f4xx_hal_uart.o(.text.HAL_UART_Init)
    HAL_UART_MspInit                         0x080035cd   Thumb Code   144  usart_1.o(.text.HAL_UART_MspInit)
    HardFault_Handler                        0x0800365d   Thumb Code     4  stm32f4xx_it_1.o(.text.HardFault_Handler)
    MX_CAN1_Init                             0x08003661   Thumb Code    68  can_1.o(.text.MX_CAN1_Init)
    MX_CAN2_Init                             0x080036a5   Thumb Code    68  can_1.o(.text.MX_CAN2_Init)
    MX_GPIO_Init                             0x080036e9   Thumb Code   204  gpio_1.o(.text.MX_GPIO_Init)
    MX_I2C1_Init                             0x080037b5   Thumb Code   120  i2c_1.o(.text.MX_I2C1_Init)
    MX_TIM3_Init                             0x0800382d   Thumb Code   150  tim_1.o(.text.MX_TIM3_Init)
    MX_USART1_UART_Init                      0x080038c5   Thumb Code    60  usart_1.o(.text.MX_USART1_UART_Init)
    MecanumWheel_Move                        0x08003901   Thumb Code   484  car_ctrl_1.o(.text.MecanumWheel_Move)
    MemManage_Handler                        0x08003ae5   Thumb Code     4  stm32f4xx_it_1.o(.text.MemManage_Handler)
    NMI_Handler                              0x08003ae9   Thumb Code    10  stm32f4xx_it_1.o(.text.NMI_Handler)
    PID_Struct_Init                          0x08003b65   Thumb Code   170  pid_1.o(.text.PID_Struct_Init)
    PID_TIM_Init                             0x08003c11   Thumb Code   170  pid_tim_1.o(.text.PID_TIM_Init)
    PendSV_Handler                           0x08003cbd   Thumb Code     2  stm32f4xx_it_1.o(.text.PendSV_Handler)
    SVC_Handler                              0x08003cc1   Thumb Code     2  stm32f4xx_it_1.o(.text.SVC_Handler)
    Set_voltagec1                            0x08003cc5   Thumb Code   110  motor_can_1.o(.text.Set_voltagec1)
    SysTick_Handler                          0x08003d89   Thumb Code     8  stm32f4xx_it_1.o(.text.SysTick_Handler)
    SystemClock_Config                       0x08003d91   Thumb Code   196  main_1.o(.text.SystemClock_Config)
    SystemInit                               0x08003e55   Thumb Code    18  system_stm32f4xx_1.o(.text.SystemInit)
    TIM3_IRQHandler                          0x08003e69   Thumb Code    54  stm32f4xx_it_1.o(.text.TIM3_IRQHandler)
    TIM_Base_SetConfig                       0x08003ea1   Thumb Code   420  stm32f4xx_hal_tim.o(.text.TIM_Base_SetConfig)
    TIM_ETR_SetConfig                        0x08004045   Thumb Code    52  stm32f4xx_hal_tim.o(.text.TIM_ETR_SetConfig)
    USART1_IRQHandler                        0x080042a1   Thumb Code   328  remote_control_1.o(.text.USART1_IRQHandler)
    UsageFault_Handler                       0x080043e9   Thumb Code     4  stm32f4xx_it_1.o(.text.UsageFault_Handler)
    can1_filter_init                         0x08004519   Thumb Code    86  motor_can_1.o(.text.can1_filter_init)
    can2_fliter_init                         0x08004571   Thumb Code    38  motor_can_1.o(.text.can2_fliter_init)
    main                                     0x08004599   Thumb Code   142  main_1.o(.text.main)
    pid_calc                                 0x08004629   Thumb Code   320  pid_1.o(.text.pid_calc)
    pid_init                                 0x08004769   Thumb Code    64  pid_1.o(.text.pid_init)
    pid_reset                                0x080047a9   Thumb Code    56  pid_1.o(.text.pid_reset)
    __fpl_dcmp_Inf                           0x08004905   Thumb Code    24  dcmpi.o(x$fpl$dcmpinf)
    __aeabi_cdcmpeq                          0x0800491d   Thumb Code     0  deqf.o(x$fpl$deqf)
    _dcmpeq                                  0x0800491d   Thumb Code   120  deqf.o(x$fpl$deqf)
    __aeabi_cdcmpge                          0x08004995   Thumb Code     0  dgeqf.o(x$fpl$dgeqf)
    _dcmpge                                  0x08004995   Thumb Code   120  dgeqf.o(x$fpl$dgeqf)
    __aeabi_cdcmple                          0x08004a0d   Thumb Code     0  dleqf.o(x$fpl$dleqf)
    _dcmple                                  0x08004a0d   Thumb Code   120  dleqf.o(x$fpl$dleqf)
    __fpl_dcmple_InfNaN                      0x08004a6f   Thumb Code     0  dleqf.o(x$fpl$dleqf)
    __fpl_dnaninf                            0x08004a85   Thumb Code   156  dnaninf.o(x$fpl$dnaninf)
    __fpl_dretinf                            0x08004b21   Thumb Code    12  dretinf.o(x$fpl$dretinf)
    __aeabi_f2d                              0x08004b2d   Thumb Code     0  f2d.o(x$fpl$f2d)
    _f2d                                     0x08004b2d   Thumb Code    86  f2d.o(x$fpl$f2d)
    __aeabi_dcmpeq                           0x08004b83   Thumb Code     0  dcmp.o(x$fpl$fcmp)
    _deq                                     0x08004b83   Thumb Code    14  dcmp.o(x$fpl$fcmp)
    _dneq                                    0x08004b91   Thumb Code    14  dcmp.o(x$fpl$fcmp)
    __aeabi_dcmpgt                           0x08004b9f   Thumb Code     0  dcmp.o(x$fpl$fcmp)
    _dgr                                     0x08004b9f   Thumb Code    14  dcmp.o(x$fpl$fcmp)
    __aeabi_dcmpge                           0x08004bad   Thumb Code     0  dcmp.o(x$fpl$fcmp)
    _dgeq                                    0x08004bad   Thumb Code    14  dcmp.o(x$fpl$fcmp)
    __aeabi_dcmple                           0x08004bbb   Thumb Code     0  dcmp.o(x$fpl$fcmp)
    _dleq                                    0x08004bbb   Thumb Code    14  dcmp.o(x$fpl$fcmp)
    __aeabi_dcmplt                           0x08004bc9   Thumb Code     0  dcmp.o(x$fpl$fcmp)
    _dls                                     0x08004bc9   Thumb Code    14  dcmp.o(x$fpl$fcmp)
    __fpl_fnaninf                            0x08004bd7   Thumb Code   140  fnaninf.o(x$fpl$fnaninf)
    _fp_init                                 0x08004c63   Thumb Code    26  fpinit.o(x$fpl$fpinit)
    __fplib_config_fpu_vfp                   0x08004c7b   Thumb Code     0  fpinit.o(x$fpl$fpinit)
    __fplib_config_pureend_doubles           0x08004c7b   Thumb Code     0  fpinit.o(x$fpl$fpinit)
    AHBPrescTable                            0x08004c7c   Data          16  system_stm32f4xx_1.o(.rodata.AHBPrescTable)
    __I$use$fp                               0x08004c7c   Number         0  usenofp.o(x$fpl$usenofp)
    APBPrescTable                            0x08004c8c   Data           8  system_stm32f4xx_1.o(.rodata.APBPrescTable)
    Region$$Table$$Base                      0x08004c94   Number         0  anon$$obj.o(Region$$Table)
    Region$$Table$$Limit                     0x08004cb4   Number         0  anon$$obj.o(Region$$Table)
    SystemCoreClock                          0x20000000   Data           4  system_stm32f4xx_1.o(.data.SystemCoreClock)
    uwTickFreq                               0x20000004   Data           1  stm32f4xx_hal.o(.data.uwTickFreq)
    uwTickPrio                               0x20000008   Data           4  stm32f4xx_hal.o(.data.uwTickPrio)
    __libspace_start                         0x20000010   Data          96  libspace.o(.bss)
    C620                                     0x20000070   Data         736  car_ctrl_1.o(.bss.C620)
    __temporary_stack_top$libspace           0x20000070   Data           0  libspace.o(.bss)
    C6xx                                     0x20000350   Data         736  motor_can_1.o(.bss.C6xx)
    can1RxData                               0x2000063e   Data           8  motor_can_1.o(.bss.can1RxData)
    can2RxData                               0x20000646   Data           8  motor_can_1.o(.bss.can2RxData)
    hcan1                                    0x20000650   Data          40  can_1.o(.bss.hcan1)
    hcan2                                    0x20000678   Data          40  can_1.o(.bss.hcan2)
    hdma_usart1_rx                           0x200006a0   Data          96  usart_1.o(.bss.hdma_usart1_rx)
    hi2c1                                    0x20000700   Data          84  i2c_1.o(.bss.hi2c1)
    htim3                                    0x20000754   Data          72  tim_1.o(.bss.htim3)
    htim_pid                                 0x2000079c   Data          72  pid_tim_1.o(.bss.htim_pid)
    huart1                                   0x200007e4   Data          72  usart_1.o(.bss.huart1)
    isRcan1Started                           0x2000082c   Data           1  motor_can_1.o(.bss.isRcan1Started)
    isRcan2Started                           0x2000082d   Data           1  motor_can_1.o(.bss.isRcan2Started)
    rc_ctrl                                  0x2000082e   Data          22  remote_control_1.o(.bss.rc_ctrl)
    uwTick                                   0x2000088c   Data           4  stm32f4xx_hal.o(.bss.uwTick)



==============================================================================

Memory Map of the image

  Image Entry point : 0x080001ad

  Load Region LR_IROM1 (Base: 0x08000000, Size: 0x00004cc8, Max: 0x00200000, ABSOLUTE)

    Execution Region ER_IROM1 (Exec base: 0x08000000, Load base: 0x08000000, Size: 0x00004cb4, Max: 0x00200000, ABSOLUTE)

    Exec Addr    Load Addr    Size         Type   Attr      Idx    E Section Name        Object

    0x08000000   0x08000000   0x000001ac   Data   RO          230    RESET               startup_stm32f427xx.o
    0x080001ac   0x080001ac   0x00000008   Code   RO         1455  * !!!main             c_w.l(__main.o)
    0x080001b4   0x080001b4   0x00000034   Code   RO         1647    !!!scatter          c_w.l(__scatter.o)
    0x080001e8   0x080001e8   0x0000001a   Code   RO         1649    !!handler_copy      c_w.l(__scatter_copy.o)
    0x08000202   0x08000202   0x00000002   PAD
    0x08000204   0x08000204   0x0000001c   Code   RO         1651    !!handler_zi        c_w.l(__scatter_zi.o)
    0x08000220   0x08000220   0x00000002   Code   RO         1511    .ARM.Collect$$libinit$$00000000  c_w.l(libinit.o)
    0x08000222   0x08000222   0x00000004   Code   RO         1523    .ARM.Collect$$libinit$$00000001  c_w.l(libinit2.o)
    0x08000226   0x08000226   0x00000000   Code   RO         1526    .ARM.Collect$$libinit$$00000004  c_w.l(libinit2.o)
    0x08000226   0x08000226   0x00000000   Code   RO         1529    .ARM.Collect$$libinit$$0000000A  c_w.l(libinit2.o)
    0x08000226   0x08000226   0x00000000   Code   RO         1531    .ARM.Collect$$libinit$$0000000C  c_w.l(libinit2.o)
    0x08000226   0x08000226   0x00000000   Code   RO         1533    .ARM.Collect$$libinit$$0000000E  c_w.l(libinit2.o)
    0x08000226   0x08000226   0x00000000   Code   RO         1536    .ARM.Collect$$libinit$$00000011  c_w.l(libinit2.o)
    0x08000226   0x08000226   0x00000000   Code   RO         1538    .ARM.Collect$$libinit$$00000013  c_w.l(libinit2.o)
    0x08000226   0x08000226   0x00000000   Code   RO         1540    .ARM.Collect$$libinit$$00000015  c_w.l(libinit2.o)
    0x08000226   0x08000226   0x00000000   Code   RO         1542    .ARM.Collect$$libinit$$00000017  c_w.l(libinit2.o)
    0x08000226   0x08000226   0x00000000   Code   RO         1544    .ARM.Collect$$libinit$$00000019  c_w.l(libinit2.o)
    0x08000226   0x08000226   0x00000000   Code   RO         1546    .ARM.Collect$$libinit$$0000001B  c_w.l(libinit2.o)
    0x08000226   0x08000226   0x00000000   Code   RO         1548    .ARM.Collect$$libinit$$0000001D  c_w.l(libinit2.o)
    0x08000226   0x08000226   0x00000000   Code   RO         1550    .ARM.Collect$$libinit$$0000001F  c_w.l(libinit2.o)
    0x08000226   0x08000226   0x00000000   Code   RO         1552    .ARM.Collect$$libinit$$00000021  c_w.l(libinit2.o)
    0x08000226   0x08000226   0x00000000   Code   RO         1554    .ARM.Collect$$libinit$$00000023  c_w.l(libinit2.o)
    0x08000226   0x08000226   0x00000000   Code   RO         1556    .ARM.Collect$$libinit$$00000025  c_w.l(libinit2.o)
    0x08000226   0x08000226   0x00000008   Code   RO         1558    .ARM.Collect$$libinit$$00000027  c_w.l(libinit2.o)
    0x0800022e   0x0800022e   0x00000000   Code   RO         1562    .ARM.Collect$$libinit$$0000002E  c_w.l(libinit2.o)
    0x0800022e   0x0800022e   0x00000000   Code   RO         1564    .ARM.Collect$$libinit$$00000030  c_w.l(libinit2.o)
    0x0800022e   0x0800022e   0x00000000   Code   RO         1566    .ARM.Collect$$libinit$$00000032  c_w.l(libinit2.o)
    0x0800022e   0x0800022e   0x00000002   Code   RO         1567    .ARM.Collect$$libinit$$00000033  c_w.l(libinit2.o)
    0x08000230   0x08000230   0x00000002   Code   RO         1602    .ARM.Collect$$libshutdown$$00000000  c_w.l(libshutdown.o)
    0x08000232   0x08000232   0x00000000   Code   RO         1630    .ARM.Collect$$libshutdown$$00000002  c_w.l(libshutdown2.o)
    0x08000232   0x08000232   0x00000000   Code   RO         1632    .ARM.Collect$$libshutdown$$00000004  c_w.l(libshutdown2.o)
    0x08000232   0x08000232   0x00000000   Code   RO         1635    .ARM.Collect$$libshutdown$$00000007  c_w.l(libshutdown2.o)
    0x08000232   0x08000232   0x00000000   Code   RO         1638    .ARM.Collect$$libshutdown$$0000000A  c_w.l(libshutdown2.o)
    0x08000232   0x08000232   0x00000000   Code   RO         1640    .ARM.Collect$$libshutdown$$0000000C  c_w.l(libshutdown2.o)
    0x08000232   0x08000232   0x00000000   Code   RO         1643    .ARM.Collect$$libshutdown$$0000000F  c_w.l(libshutdown2.o)
    0x08000232   0x08000232   0x00000002   Code   RO         1644    .ARM.Collect$$libshutdown$$00000010  c_w.l(libshutdown2.o)
    0x08000234   0x08000234   0x00000000   Code   RO         1461    .ARM.Collect$$rtentry$$00000000  c_w.l(__rtentry.o)
    0x08000234   0x08000234   0x00000000   Code   RO         1478    .ARM.Collect$$rtentry$$00000002  c_w.l(__rtentry2.o)
    0x08000234   0x08000234   0x00000006   Code   RO         1490    .ARM.Collect$$rtentry$$00000004  c_w.l(__rtentry4.o)
    0x0800023a   0x0800023a   0x00000000   Code   RO         1480    .ARM.Collect$$rtentry$$00000009  c_w.l(__rtentry2.o)
    0x0800023a   0x0800023a   0x00000004   Code   RO         1481    .ARM.Collect$$rtentry$$0000000A  c_w.l(__rtentry2.o)
    0x0800023e   0x0800023e   0x00000000   Code   RO         1483    .ARM.Collect$$rtentry$$0000000C  c_w.l(__rtentry2.o)
    0x0800023e   0x0800023e   0x00000008   Code   RO         1484    .ARM.Collect$$rtentry$$0000000D  c_w.l(__rtentry2.o)
    0x08000246   0x08000246   0x00000002   Code   RO         1515    .ARM.Collect$$rtexit$$00000000  c_w.l(rtexit.o)
    0x08000248   0x08000248   0x00000000   Code   RO         1573    .ARM.Collect$$rtexit$$00000002  c_w.l(rtexit2.o)
    0x08000248   0x08000248   0x00000004   Code   RO         1574    .ARM.Collect$$rtexit$$00000003  c_w.l(rtexit2.o)
    0x0800024c   0x0800024c   0x00000006   Code   RO         1575    .ARM.Collect$$rtexit$$00000004  c_w.l(rtexit2.o)
    0x08000252   0x08000252   0x00000002   PAD
    0x08000254   0x08000254   0x00000004   Code   RO         1583    .emb_text           c_w.l(argv_veneer.o)
    0x08000258   0x08000258   0x00000040   Code   RO          231    .text               startup_stm32f427xx.o
    0x08000298   0x08000298   0x000000f0   Code   RO         1449    .text               c_w.l(lludivv7m.o)
    0x08000388   0x08000388   0x0000004e   Code   RO         1451    .text               c_w.l(rt_memclr_w.o)
    0x080003d6   0x080003d6   0x00000006   Code   RO         1453    .text               c_w.l(heapauxi.o)
    0x080003dc   0x080003dc   0x0000004a   Code   RO         1498    .text               c_w.l(sys_stackheap_outer.o)
    0x08000426   0x08000426   0x00000012   Code   RO         1500    .text               c_w.l(exit.o)
    0x08000438   0x08000438   0x00000008   Code   RO         1512    .text               c_w.l(libspace.o)
    0x08000440   0x08000440   0x0000000a   Code   RO         1519    .text               c_w.l(defsig_exit.o)
    0x0800044a   0x0800044a   0x00000002   PAD
    0x0800044c   0x0800044c   0x0000000c   Code   RO         1568    .text               c_w.l(sys_exit.o)
    0x08000458   0x08000458   0x00000032   Code   RO         1581    .text               c_w.l(defsig_general.o)
    0x0800048a   0x0800048a   0x0000000e   Code   RO         1587    .text               c_w.l(sys_wrch.o)
    0x08000498   0x08000498   0x00000002   Code   RO         1591    .text               c_w.l(use_no_semi.o)
    0x0800049a   0x0800049a   0x00000000   Code   RO         1593    .text               c_w.l(indicate_semi.o)
    0x0800049a   0x0800049a   0x0000012e   Code   RO         1598    .text               c_w.l(_get_argv_nomalloc.o)
    0x080005c8   0x080005c8   0x00000018   Code   RO         1603    .text               c_w.l(sys_command.o)
    0x080005e0   0x080005e0   0x00000004   Code   RO         1607    .text               c_w.l(hrguard.o)
    0x080005e4   0x080005e4   0x00000050   Code   RO         1613    .text               c_w.l(defsig_rtmem_inner.o)
    0x08000634   0x08000634   0x0000000e   Code   RO         1615    .text               c_w.l(defsig_rtmem_outer.o)
    0x08000642   0x08000642   0x00000002   PAD
    0x08000644   0x08000644   0x0000009c   Code   RO           98    .text.All_Init      initialize_1.o
    0x080006e0   0x080006e0   0x00000004   Code   RO          194    .text.BusFault_Handler  stm32f4xx_it_1.o
    0x080006e4   0x080006e4   0x00000010   Code   RO          208    .text.CAN1_RX0_IRQHandler  stm32f4xx_it_1.o
    0x080006f4   0x080006f4   0x00000010   Code   RO          212    .text.CAN2_RX0_IRQHandler  stm32f4xx_it_1.o
    0x08000704   0x08000704   0x00000002   Code   RO          200    .text.DebugMon_Handler  stm32f4xx_it_1.o
    0x08000706   0x08000706   0x00000002   PAD
    0x08000708   0x08000708   0x0000000a   Code   RO          206    .text.EXTI1_IRQHandler  stm32f4xx_it_1.o
    0x08000712   0x08000712   0x00000002   PAD
    0x08000714   0x08000714   0x00000006   Code   RO          110    .text.Error_Handler  main_1.o
    0x0800071a   0x0800071a   0x00000002   PAD
    0x0800071c   0x0800071c   0x00000052   Code   RO          272    .text.HAL_CAN_ActivateNotification  stm32f4xx_hal_can.o
    0x0800076e   0x0800076e   0x00000002   PAD
    0x08000770   0x08000770   0x0000015c   Code   RO          258    .text.HAL_CAN_AddTxMessage  stm32f4xx_hal_can.o
    0x080008cc   0x080008cc   0x000001ae   Code   RO          248    .text.HAL_CAN_ConfigFilter  stm32f4xx_hal_can.o
    0x08000a7a   0x08000a7a   0x00000002   PAD
    0x08000a7c   0x08000a7c   0x00000008   Code   RO          302    .text.HAL_CAN_ErrorCallback  stm32f4xx_hal_can.o
    0x08000a84   0x08000a84   0x0000021c   Code   RO          268    .text.HAL_CAN_GetRxMessage  stm32f4xx_hal_can.o
    0x08000ca0   0x08000ca0   0x00000404   Code   RO          276    .text.HAL_CAN_IRQHandler  stm32f4xx_hal_can.o
    0x080010a4   0x080010a4   0x000001e4   Code   RO          238    .text.HAL_CAN_Init  stm32f4xx_hal_can.o
    0x08001288   0x08001288   0x000001ba   Code   RO          131    .text.HAL_CAN_MspInit  can_1.o
    0x08001442   0x08001442   0x00000002   PAD
    0x08001444   0x08001444   0x00000008   Code   RO          290    .text.HAL_CAN_RxFifo0FullCallback  stm32f4xx_hal_can.o
    0x0800144c   0x0800144c   0x00000190   Code   RO           12    .text.HAL_CAN_RxFifo0MsgPendingCallback  motor_can_1.o
    0x080015dc   0x080015dc   0x00000008   Code   RO          294    .text.HAL_CAN_RxFifo1FullCallback  stm32f4xx_hal_can.o
    0x080015e4   0x080015e4   0x00000008   Code   RO          296    .text.HAL_CAN_RxFifo1MsgPendingCallback  stm32f4xx_hal_can.o
    0x080015ec   0x080015ec   0x00000008   Code   RO          298    .text.HAL_CAN_SleepCallback  stm32f4xx_hal_can.o
    0x080015f4   0x080015f4   0x0000008c   Code   RO          250    .text.HAL_CAN_Start  stm32f4xx_hal_can.o
    0x08001680   0x08001680   0x00000094   Code   RO          244    .text.HAL_CAN_Stop  stm32f4xx_hal_can.o
    0x08001714   0x08001714   0x00000008   Code   RO          280    .text.HAL_CAN_TxMailbox0AbortCallback  stm32f4xx_hal_can.o
    0x0800171c   0x0800171c   0x00000008   Code   RO          278    .text.HAL_CAN_TxMailbox0CompleteCallback  stm32f4xx_hal_can.o
    0x08001724   0x08001724   0x00000008   Code   RO          284    .text.HAL_CAN_TxMailbox1AbortCallback  stm32f4xx_hal_can.o
    0x0800172c   0x0800172c   0x00000008   Code   RO          282    .text.HAL_CAN_TxMailbox1CompleteCallback  stm32f4xx_hal_can.o
    0x08001734   0x08001734   0x00000008   Code   RO          288    .text.HAL_CAN_TxMailbox2AbortCallback  stm32f4xx_hal_can.o
    0x0800173c   0x0800173c   0x00000008   Code   RO          286    .text.HAL_CAN_TxMailbox2CompleteCallback  stm32f4xx_hal_can.o
    0x08001744   0x08001744   0x00000008   Code   RO          300    .text.HAL_CAN_WakeUpFromRxMsgCallback  stm32f4xx_hal_can.o
    0x0800174c   0x0800174c   0x00000044   Code   RO          712    .text.HAL_Delay     stm32f4xx_hal.o
    0x08001790   0x08001790   0x0000000c   Code   RO          487    .text.HAL_GPIO_EXTI_Callback  stm32f4xx_hal_gpio.o
    0x0800179c   0x0800179c   0x0000003a   Code   RO          485    .text.HAL_GPIO_EXTI_IRQHandler  stm32f4xx_hal_gpio.o
    0x080017d6   0x080017d6   0x00000002   PAD
    0x080017d8   0x080017d8   0x000003fa   Code   RO          473    .text.HAL_GPIO_Init  stm32f4xx_hal_gpio.o
    0x08001bd2   0x08001bd2   0x00000002   PAD
    0x08001bd4   0x08001bd4   0x0000000c   Code   RO          704    .text.HAL_GetTick   stm32f4xx_hal.o
    0x08001be0   0x08001be0   0x0000006a   Code   RO          956    .text.HAL_I2CEx_ConfigAnalogFilter  stm32f4xx_hal_i2c_ex.o
    0x08001c4a   0x08001c4a   0x00000002   PAD
    0x08001c4c   0x08001c4c   0x00000084   Code   RO          958    .text.HAL_I2CEx_ConfigDigitalFilter  stm32f4xx_hal_i2c_ex.o
    0x08001cd0   0x08001cd0   0x000002ba   Code   RO          785    .text.HAL_I2C_Init  stm32f4xx_hal_i2c.o
    0x08001f8a   0x08001f8a   0x00000002   PAD
    0x08001f8c   0x08001f8c   0x00000092   Code   RO          147    .text.HAL_I2C_MspInit  i2c_1.o
    0x0800201e   0x0800201e   0x00000002   PAD
    0x08002020   0x08002020   0x0000001a   Code   RO          702    .text.HAL_IncTick   stm32f4xx_hal.o
    0x0800203a   0x0800203a   0x00000002   PAD
    0x0800203c   0x0800203c   0x0000003c   Code   RO          692    .text.HAL_Init      stm32f4xx_hal.o
    0x08002078   0x08002078   0x00000072   Code   RO          694    .text.HAL_InitTick  stm32f4xx_hal.o
    0x080020ea   0x080020ea   0x00000002   PAD
    0x080020ec   0x080020ec   0x0000004a   Code   RO          221    .text.HAL_MspInit   stm32f4xx_hal_msp_1.o
    0x08002136   0x08002136   0x00000002   PAD
    0x08002138   0x08002138   0x00000018   Code   RO          627    .text.HAL_NVIC_EnableIRQ  stm32f4xx_hal_cortex.o
    0x08002150   0x08002150   0x00000040   Code   RO          619    .text.HAL_NVIC_SetPriority  stm32f4xx_hal_cortex.o
    0x08002190   0x08002190   0x00000010   Code   RO          615    .text.HAL_NVIC_SetPriorityGrouping  stm32f4xx_hal_cortex.o
    0x080021a0   0x080021a0   0x00000002   Code   RO          343    .text.HAL_RCC_CSSCallback  stm32f4xx_hal_rcc.o
    0x080021a2   0x080021a2   0x00000002   PAD
    0x080021a4   0x080021a4   0x00000264   Code   RO          321    .text.HAL_RCC_ClockConfig  stm32f4xx_hal_rcc.o
    0x08002408   0x08002408   0x0000000c   Code   RO          327    .text.HAL_RCC_EnableCSS  stm32f4xx_hal_rcc.o
    0x08002414   0x08002414   0x0000000c   Code   RO          331    .text.HAL_RCC_GetHCLKFreq  stm32f4xx_hal_rcc.o
    0x08002420   0x08002420   0x00000022   Code   RO          333    .text.HAL_RCC_GetPCLK1Freq  stm32f4xx_hal_rcc.o
    0x08002442   0x08002442   0x00000002   PAD
    0x08002444   0x08002444   0x00000022   Code   RO          335    .text.HAL_RCC_GetPCLK2Freq  stm32f4xx_hal_rcc.o
    0x08002466   0x08002466   0x00000002   PAD
    0x08002468   0x08002468   0x000000e8   Code   RO          323    .text.HAL_RCC_GetSysClockFreq  stm32f4xx_hal_rcc.o
    0x08002550   0x08002550   0x00000028   Code   RO          341    .text.HAL_RCC_NMI_IRQHandler  stm32f4xx_hal_rcc.o
    0x08002578   0x08002578   0x000006ca   Code   RO          319    .text.HAL_RCC_OscConfig  stm32f4xx_hal_rcc.o
    0x08002c42   0x08002c42   0x00000002   PAD
    0x08002c44   0x08002c44   0x00000010   Code   RO          639    .text.HAL_SYSTICK_Config  stm32f4xx_hal_cortex.o
    0x08002c54   0x08002c54   0x00000008   Code   RO         1290    .text.HAL_TIMEx_BreakCallback  stm32f4xx_hal_tim_ex.o
    0x08002c5c   0x08002c5c   0x00000008   Code   RO         1286    .text.HAL_TIMEx_CommutCallback  stm32f4xx_hal_tim_ex.o
    0x08002c64   0x08002c64   0x00000122   Code   RO         1280    .text.HAL_TIMEx_MasterConfigSynchronization  stm32f4xx_hal_tim_ex.o
    0x08002d86   0x08002d86   0x00000002   PAD
    0x08002d88   0x08002d88   0x000000a6   Code   RO          967    .text.HAL_TIM_Base_Init  stm32f4xx_hal_tim.o
    0x08002e2e   0x08002e2e   0x00000002   PAD
    0x08002e30   0x08002e30   0x000000a0   Code   RO          161    .text.HAL_TIM_Base_MspInit  tim_1.o
    0x08002ed0   0x08002ed0   0x000000ea   Code   RO          977    .text.HAL_TIM_Base_Start  stm32f4xx_hal_tim.o
    0x08002fba   0x08002fba   0x00000002   PAD
    0x08002fbc   0x08002fbc   0x000000f6   Code   RO          981    .text.HAL_TIM_Base_Start_IT  stm32f4xx_hal_tim.o
    0x080030b2   0x080030b2   0x00000002   PAD
    0x080030b4   0x080030b4   0x000001a4   Code   RO         1159    .text.HAL_TIM_ConfigClockSource  stm32f4xx_hal_tim.o
    0x08003258   0x08003258   0x00000008   Code   RO         1103    .text.HAL_TIM_IC_CaptureCallback  stm32f4xx_hal_tim.o
    0x08003260   0x08003260   0x00000222   Code   RO         1101    .text.HAL_TIM_IRQHandler  stm32f4xx_hal_tim.o
    0x08003482   0x08003482   0x00000002   PAD
    0x08003484   0x08003484   0x00000008   Code   RO         1105    .text.HAL_TIM_OC_DelayElapsedCallback  stm32f4xx_hal_tim.o
    0x0800348c   0x0800348c   0x00000008   Code   RO         1107    .text.HAL_TIM_PWM_PulseFinishedCallback  stm32f4xx_hal_tim.o
    0x08003494   0x08003494   0x0000008c   Code   RO           51    .text.HAL_TIM_PeriodElapsedCallback  pid_tim_1.o
    0x08003520   0x08003520   0x00000008   Code   RO         1111    .text.HAL_TIM_TriggerCallback  stm32f4xx_hal_tim.o
    0x08003528   0x08003528   0x000000a4   Code   RO         1303    .text.HAL_UART_Init  stm32f4xx_hal_uart.o
    0x080035cc   0x080035cc   0x00000090   Code   RO          175    .text.HAL_UART_MspInit  usart_1.o
    0x0800365c   0x0800365c   0x00000004   Code   RO          190    .text.HardFault_Handler  stm32f4xx_it_1.o
    0x08003660   0x08003660   0x00000044   Code   RO          127    .text.MX_CAN1_Init  can_1.o
    0x080036a4   0x080036a4   0x00000044   Code   RO          129    .text.MX_CAN2_Init  can_1.o
    0x080036e8   0x080036e8   0x000000cc   Code   RO          119    .text.MX_GPIO_Init  gpio_1.o
    0x080037b4   0x080037b4   0x00000078   Code   RO          145    .text.MX_I2C1_Init  i2c_1.o
    0x0800382c   0x0800382c   0x00000096   Code   RO          159    .text.MX_TIM3_Init  tim_1.o
    0x080038c2   0x080038c2   0x00000002   PAD
    0x080038c4   0x080038c4   0x0000003c   Code   RO          173    .text.MX_USART1_UART_Init  usart_1.o
    0x08003900   0x08003900   0x000001e4   Code   RO           89    .text.MecanumWheel_Move  car_ctrl_1.o
    0x08003ae4   0x08003ae4   0x00000004   Code   RO          192    .text.MemManage_Handler  stm32f4xx_it_1.o
    0x08003ae8   0x08003ae8   0x0000000a   Code   RO          188    .text.NMI_Handler   stm32f4xx_it_1.o
    0x08003af2   0x08003af2   0x00000002   PAD
    0x08003af4   0x08003af4   0x0000006e   Code   RO          625    .text.NVIC_EncodePriority  stm32f4xx_hal_cortex.o
    0x08003b62   0x08003b62   0x00000002   PAD
    0x08003b64   0x08003b64   0x000000aa   Code   RO           38    .text.PID_Struct_Init  pid_1.o
    0x08003c0e   0x08003c0e   0x00000002   PAD
    0x08003c10   0x08003c10   0x000000aa   Code   RO           49    .text.PID_TIM_Init  pid_tim_1.o
    0x08003cba   0x08003cba   0x00000002   PAD
    0x08003cbc   0x08003cbc   0x00000002   Code   RO          202    .text.PendSV_Handler  stm32f4xx_it_1.o
    0x08003cbe   0x08003cbe   0x00000002   PAD
    0x08003cc0   0x08003cc0   0x00000002   Code   RO          198    .text.SVC_Handler   stm32f4xx_it_1.o
    0x08003cc2   0x08003cc2   0x00000002   PAD
    0x08003cc4   0x08003cc4   0x0000006e   Code   RO            8    .text.Set_voltagec1  motor_can_1.o
    0x08003d32   0x08003d32   0x00000002   PAD
    0x08003d34   0x08003d34   0x00000052   Code   RO          641    .text.SysTick_Config  stm32f4xx_hal_cortex.o
    0x08003d86   0x08003d86   0x00000002   PAD
    0x08003d88   0x08003d88   0x00000008   Code   RO          204    .text.SysTick_Handler  stm32f4xx_it_1.o
    0x08003d90   0x08003d90   0x000000c4   Code   RO          108    .text.SystemClock_Config  main_1.o
    0x08003e54   0x08003e54   0x00000012   Code   RO         1434    .text.SystemInit    system_stm32f4xx_1.o
    0x08003e66   0x08003e66   0x00000002   PAD
    0x08003e68   0x08003e68   0x00000036   Code   RO          210    .text.TIM3_IRQHandler  stm32f4xx_it_1.o
    0x08003e9e   0x08003e9e   0x00000002   PAD
    0x08003ea0   0x08003ea0   0x000001a4   Code   RO          971    .text.TIM_Base_SetConfig  stm32f4xx_hal_tim.o
    0x08004044   0x08004044   0x00000034   Code   RO         1157    .text.TIM_ETR_SetConfig  stm32f4xx_hal_tim.o
    0x08004078   0x08004078   0x0000002a   Code   RO         1163    .text.TIM_ITRx_SetConfig  stm32f4xx_hal_tim.o
    0x080040a2   0x080040a2   0x00000002   PAD
    0x080040a4   0x080040a4   0x00000050   Code   RO         1161    .text.TIM_TI1_ConfigInputStage  stm32f4xx_hal_tim.o
    0x080040f4   0x080040f4   0x00000052   Code   RO         1165    .text.TIM_TI2_ConfigInputStage  stm32f4xx_hal_tim.o
    0x08004146   0x08004146   0x00000002   PAD
    0x08004148   0x08004148   0x00000156   Code   RO         1307    .text.UART_SetConfig  stm32f4xx_hal_uart.o
    0x0800429e   0x0800429e   0x00000002   PAD
    0x080042a0   0x080042a0   0x00000148   Code   RO           75    .text.USART1_IRQHandler  remote_control_1.o
    0x080043e8   0x080043e8   0x00000004   Code   RO          196    .text.UsageFault_Handler  stm32f4xx_it_1.o
    0x080043ec   0x080043ec   0x00000034   Code   RO          629    .text.__NVIC_EnableIRQ  stm32f4xx_hal_cortex.o
    0x08004420   0x08004420   0x00000010   Code   RO          621    .text.__NVIC_GetPriorityGrouping  stm32f4xx_hal_cortex.o
    0x08004430   0x08004430   0x00000044   Code   RO          623    .text.__NVIC_SetPriority  stm32f4xx_hal_cortex.o
    0x08004474   0x08004474   0x0000003c   Code   RO          617    .text.__NVIC_SetPriorityGrouping  stm32f4xx_hal_cortex.o
    0x080044b0   0x080044b0   0x00000066   Code   RO           36    .text.abs_limit     pid_1.o
    0x08004516   0x08004516   0x00000002   PAD
    0x08004518   0x08004518   0x00000056   Code   RO            4    .text.can1_filter_init  motor_can_1.o
    0x0800456e   0x0800456e   0x00000002   PAD
    0x08004570   0x08004570   0x00000026   Code   RO            6    .text.can2_fliter_init  motor_can_1.o
    0x08004596   0x08004596   0x00000002   PAD
    0x08004598   0x08004598   0x0000008e   Code   RO          106    .text.main          main_1.o
    0x08004626   0x08004626   0x00000002   PAD
    0x08004628   0x08004628   0x00000140   Code   RO           34    .text.pid_calc      pid_1.o
    0x08004768   0x08004768   0x00000040   Code   RO           30    .text.pid_init      pid_1.o
    0x080047a8   0x080047a8   0x00000038   Code   RO           32    .text.pid_reset     pid_1.o
    0x080047e0   0x080047e0   0x00000124   Code   RO           77    .text.sbus_to_rc    remote_control_1.o
    0x08004904   0x08004904   0x00000018   Code   RO         1494    x$fpl$dcmpinf       fz_wm.l(dcmpi.o)
    0x0800491c   0x0800491c   0x00000078   Code   RO         1466    x$fpl$deqf          fz_wm.l(deqf.o)
    0x08004994   0x08004994   0x00000078   Code   RO         1468    x$fpl$dgeqf         fz_wm.l(dgeqf.o)
    0x08004a0c   0x08004a0c   0x00000078   Code   RO         1470    x$fpl$dleqf         fz_wm.l(dleqf.o)
    0x08004a84   0x08004a84   0x0000009c   Code   RO         1496    x$fpl$dnaninf       fz_wm.l(dnaninf.o)
    0x08004b20   0x08004b20   0x0000000c   Code   RO         1472    x$fpl$dretinf       fz_wm.l(dretinf.o)
    0x08004b2c   0x08004b2c   0x00000056   Code   RO         1459    x$fpl$f2d           fz_wm.l(f2d.o)
    0x08004b82   0x08004b82   0x00000054   Code   RO         1457    x$fpl$fcmp          fz_wm.l(dcmp.o)
    0x08004bd6   0x08004bd6   0x0000008c   Code   RO         1474    x$fpl$fnaninf       fz_wm.l(fnaninf.o)
    0x08004c62   0x08004c62   0x0000001a   Code   RO         1585    x$fpl$fpinit        fz_wm.l(fpinit.o)
    0x08004c7c   0x08004c7c   0x00000000   Code   RO         1476    x$fpl$usenofp       fz_wm.l(usenofp.o)
    0x08004c7c   0x08004c7c   0x00000010   Data   RO         1439    .rodata.AHBPrescTable  system_stm32f4xx_1.o
    0x08004c8c   0x08004c8c   0x00000008   Data   RO         1440    .rodata.APBPrescTable  system_stm32f4xx_1.o
    0x08004c94   0x08004c94   0x00000020   Data   RO         1646    Region$$Table       anon$$obj.o


    Execution Region RW_IRAM2 (Exec base: 0x10000000, Load base: 0x08004cc8, Size: 0x00000000, Max: 0x00010000, ABSOLUTE)

    **** No section assigned to this execution region ****


    Execution Region RW_IRAM1 (Exec base: 0x20000000, Load base: 0x08004cb8, Size: 0x00000e90, Max: 0x00030000, ABSOLUTE)

    Exec Addr    Load Addr    Size         Type   Attr      Idx    E Section Name        Object

    0x20000000   0x08004cb8   0x00000004   Data   RW         1438    .data.SystemCoreClock  system_stm32f4xx_1.o
    0x20000004   0x08004cbc   0x00000001   Data   RW          751    .data.uwTickFreq    stm32f4xx_hal.o
    0x20000005   0x08004cbd   0x00000003   PAD
    0x20000008   0x08004cc0   0x00000004   Data   RW          750    .data.uwTickPrio    stm32f4xx_hal.o
    0x2000000c   0x08004cc4   0x00000004   PAD
    0x20000010        -       0x00000060   Zero   RW         1513    .bss                c_w.l(libspace.o)
    0x20000070        -       0x000002e0   Zero   RW           91    .bss.C620           car_ctrl_1.o
    0x20000350        -       0x000002e0   Zero   RW           20    .bss.C6xx           motor_can_1.o
    0x20000630        -       0x00000004   Zero   RW          137    .bss.HAL_RCC_CAN1_CLK_ENABLED  can_1.o
    0x20000634        -       0x00000008   Zero   RW           55    .bss.HAL_TIM_PeriodElapsedCallback.voltages  pid_tim_1.o
    0x2000063c        -       0x00000002   Zero   RW           81    .bss.USART1_IRQHandler.this_time_rx_len  remote_control_1.o
    0x2000063e        -       0x00000008   Zero   RW           18    .bss.can1RxData     motor_can_1.o
    0x20000646        -       0x00000008   Zero   RW           19    .bss.can2RxData     motor_can_1.o
    0x2000064e   0x08004cc4   0x00000002   PAD
    0x20000650        -       0x00000028   Zero   RW          135    .bss.hcan1          can_1.o
    0x20000678        -       0x00000028   Zero   RW          136    .bss.hcan2          can_1.o
    0x200006a0        -       0x00000060   Zero   RW          180    .bss.hdma_usart1_rx  usart_1.o
    0x20000700        -       0x00000054   Zero   RW          151    .bss.hi2c1          i2c_1.o
    0x20000754        -       0x00000048   Zero   RW          165    .bss.htim3          tim_1.o
    0x2000079c        -       0x00000048   Zero   RW           54    .bss.htim_pid       pid_tim_1.o
    0x200007e4        -       0x00000048   Zero   RW          179    .bss.huart1         usart_1.o
    0x2000082c        -       0x00000001   Zero   RW           14    .bss.isRcan1Started  motor_can_1.o
    0x2000082d        -       0x00000001   Zero   RW           15    .bss.isRcan2Started  motor_can_1.o
    0x2000082e        -       0x00000016   Zero   RW           80    .bss.rc_ctrl        remote_control_1.o
    0x20000844        -       0x00000048   Zero   RW           79    .bss.sbus_rx_buf    remote_control_1.o
    0x2000088c        -       0x00000004   Zero   RW          752    .bss.uwTick         stm32f4xx_hal.o
    0x20000890        -       0x00000200   Zero   RW          229    HEAP                startup_stm32f427xx.o
    0x20000a90        -       0x00000400   Zero   RW          228    STACK               startup_stm32f427xx.o


==============================================================================

Image component sizes


      Code (inc. data)   RO Data    RW Data    ZI Data      Debug   Object Name

       578          0          0          0         84       6599   can_1.o
       484          8          0          0        736       2188   car_ctrl_1.o
       204          0          0          0          0       4048   gpio_1.o
       266          0          0          0         84       5122   i2c_1.o
       156          8          0          0          0        588   initialize_1.o
       344          0          0          0          0       2840   main_1.o
       634          4          0          0        754       5754   motor_can_1.o
       712          8          0          0          0       2747   pid_1.o
       310          0          0          0         80       6958   pid_tim_1.o
       620          0          0          0         96       2587   remote_control_1.o
        64         26        428          0       1536        828   startup_stm32f427xx.o
       280          0          0          5          4       7513   stm32f4xx_hal.o
      3296          0          0          0          0      11540   stm32f4xx_hal_can.o
       508          0          0          0          0       9847   stm32f4xx_hal_cortex.o
      1088          0          0          0          0       5167   stm32f4xx_hal_gpio.o
       698          0          0          0          0      37628   stm32f4xx_hal_i2c.o
       238          0          0          0          0       3934   stm32f4xx_hal_i2c_ex.o
        74          0          0          0          0       1497   stm32f4xx_hal_msp_1.o
      2716          0          0          0          0       7643   stm32f4xx_hal_rcc.o
      2320          0          0          0          0      36054   stm32f4xx_hal_tim.o
       306          0          0          0          0      15318   stm32f4xx_hal_tim_ex.o
       506          0          0          0          0      20401   stm32f4xx_hal_uart.o
       136          0          0          0          0       1682   stm32f4xx_it_1.o
        18          0         24          4          0       2549   system_stm32f4xx_1.o
       310          0          0          0         72       7634   tim_1.o
       204          0          0          0        168       4929   usart_1.o

    ----------------------------------------------------------------------
     17152         54        484         12       3620     213595   Object Totals
         0          0         32          0          0          0   (incl. Generated)
        82          0          0          3          6          0   (incl. Padding)

    ----------------------------------------------------------------------

      Code (inc. data)   RO Data    RW Data    ZI Data      Debug   Library Member Name

         8          0          0          0          0         68   __main.o
         0          0          0          0          0          0   __rtentry.o
        12          0          0          0          0          0   __rtentry2.o
         6          0          0          0          0          0   __rtentry4.o
        52          8          0          0          0          0   __scatter.o
        26          0          0          0          0          0   __scatter_copy.o
        28          0          0          0          0          0   __scatter_zi.o
       302          0          0          0          0        168   _get_argv_nomalloc.o
         4          0          0          0          0         68   argv_veneer.o
        10          0          0          0          0         68   defsig_exit.o
        50          0          0          0          0         88   defsig_general.o
        80         58          0          0          0         76   defsig_rtmem_inner.o
        14          0          0          0          0         80   defsig_rtmem_outer.o
        18          0          0          0          0         80   exit.o
         6          0          0          0          0        152   heapauxi.o
         4          0          0          0          0        136   hrguard.o
         0          0          0          0          0          0   indicate_semi.o
         2          0          0          0          0          0   libinit.o
        14          0          0          0          0          0   libinit2.o
         2          0          0          0          0          0   libshutdown.o
         2          0          0          0          0          0   libshutdown2.o
         8          4          0          0         96         68   libspace.o
       240          0          0          0          0        100   lludivv7m.o
        78          0          0          0          0         80   rt_memclr_w.o
         2          0          0          0          0          0   rtexit.o
        10          0          0          0          0          0   rtexit2.o
        24          0          0          0          0         76   sys_command.o
        12          4          0          0          0         68   sys_exit.o
        74          0          0          0          0         80   sys_stackheap_outer.o
        14          0          0          0          0         76   sys_wrch.o
         2          0          0          0          0         68   use_no_semi.o
        84          0          0          0          0        244   dcmp.o
        24          0          0          0          0        116   dcmpi.o
       120          4          0          0          0        140   deqf.o
       120          4          0          0          0        140   dgeqf.o
       120          4          0          0          0        140   dleqf.o
       156          4          0          0          0        140   dnaninf.o
        12          0          0          0          0        116   dretinf.o
        86          4          0          0          0        132   f2d.o
       140          4          0          0          0        132   fnaninf.o
        26          0          0          0          0        116   fpinit.o
         0          0          0          0          0          0   usenofp.o

    ----------------------------------------------------------------------
      2000         98          0          0         96       3016   Library Totals
         8          0          0          0          0          0   (incl. Padding)

    ----------------------------------------------------------------------

      Code (inc. data)   RO Data    RW Data    ZI Data      Debug   Library Name

      1104         74          0          0         96       1600   c_w.l
       888         24          0          0          0       1416   fz_wm.l

    ----------------------------------------------------------------------
      2000         98          0          0         96       3016   Library Totals

    ----------------------------------------------------------------------

==============================================================================


      Code (inc. data)   RO Data    RW Data    ZI Data      Debug   

     19152        152        484         12       3716     214547   Grand Totals
     19152        152        484         12       3716     214547   ELF Image Totals
     19152        152        484         12          0          0   ROM Totals

==============================================================================

    Total RO  Size (Code + RO Data)                19636 (  19.18kB)
    Total RW  Size (RW Data + ZI Data)              3728 (   3.64kB)
    Total ROM Size (Code + RO Data + RW Data)      19648 (  19.19kB)

==============================================================================

